Component: ARM Compiler 5.06 update 6 (build 750) Tool: armlink [4d35ed]

==============================================================================

Section Cross References

    startup_stm32f407xx.o(RESET) refers to startup_stm32f407xx.o(STACK) for __initial_sp
    startup_stm32f407xx.o(RESET) refers to startup_stm32f407xx.o(.text) for Reset_Handler
    startup_stm32f407xx.o(RESET) refers to stm32f4xx_it.o(i.NMI_Handler) for NMI_Handler
    startup_stm32f407xx.o(RESET) refers to stm32f4xx_it.o(i.HardFault_Handler) for HardFault_Handler
    startup_stm32f407xx.o(RESET) refers to stm32f4xx_it.o(i.MemManage_Handler) for MemManage_Handler
    startup_stm32f407xx.o(RESET) refers to stm32f4xx_it.o(i.BusFault_Handler) for BusFault_Handler
    startup_stm32f407xx.o(RESET) refers to stm32f4xx_it.o(i.UsageFault_Handler) for UsageFault_Handler
    startup_stm32f407xx.o(RESET) refers to stm32f4xx_it.o(i.SVC_Handler) for SVC_Handler
    startup_stm32f407xx.o(RESET) refers to stm32f4xx_it.o(i.DebugMon_Handler) for DebugMon_Handler
    startup_stm32f407xx.o(RESET) refers to stm32f4xx_it.o(i.PendSV_Handler) for PendSV_Handler
    startup_stm32f407xx.o(RESET) refers to stm32f4xx_it.o(i.SysTick_Handler) for SysTick_Handler
    startup_stm32f407xx.o(RESET) refers to stm32f4xx_it.o(i.TIM2_IRQHandler) for TIM2_IRQHandler
    startup_stm32f407xx.o(RESET) refers to stm32f4xx_it.o(i.TIM8_TRG_COM_TIM14_IRQHandler) for TIM8_TRG_COM_TIM14_IRQHandler
    startup_stm32f407xx.o(.text) refers to system_stm32f4xx.o(i.SystemInit) for SystemInit
    startup_stm32f407xx.o(.text) refers to entry.o(.ARM.Collect$$$$00000000) for __main
    key.o(i.KeyContinued) refers to key.o(.bss) for .bss
    key.o(i.KeyScan) refers to stm32f4xx_hal_gpio.o(i.HAL_GPIO_ReadPin) for HAL_GPIO_ReadPin
    key.o(i.KeyScan) refers to key.o(i.KeyContinued) for KeyContinued
    key.o(i.KeyScan) refers to key.o(.bss) for .bss
    os.o(i.OSTaskInit) refers to os.o(.bss) for .bss
    os.o(i.OSTaskScan) refers to os.o(.bss) for .bss
    os.o(i.OSTaskScan) refers to os.o(.data) for .data
    os.o(i.OSTick) refers to os.o(.bss) for .bss
    os.o(i.Task3) refers to key.o(i.KeyScan) for KeyScan
    os.o(i.Task3) refers to ctrl.o(i.KeyMenu) for KeyMenu
    os.o(.data) refers to os.o(i.Task0) for Task0
    os.o(.data) refers to os.o(i.Task1) for Task1
    os.o(.data) refers to os.o(i.Task2) for Task2
    os.o(.data) refers to os.o(i.Task3) for Task3
    lcd.o(i.LCD_Clear) refers to lcd.o(i.LCD_SetCursor) for LCD_SetCursor
    lcd.o(i.LCD_Clear) refers to lcd.o(i.LCD_WriteRAM_Prepare) for LCD_WriteRAM_Prepare
    lcd.o(i.LCD_Clear) refers to lcd.o(.bss) for .bss
    lcd.o(i.LCD_Color_Fill) refers to lcd.o(i.LCD_SetCursor) for LCD_SetCursor
    lcd.o(i.LCD_Color_Fill) refers to lcd.o(i.LCD_WriteRAM_Prepare) for LCD_WriteRAM_Prepare
    lcd.o(i.LCD_DisplayOff) refers to lcd.o(i.LCD_WriteReg) for LCD_WriteReg
    lcd.o(i.LCD_DisplayOff) refers to lcd.o(i.LCD_WR_REG) for LCD_WR_REG
    lcd.o(i.LCD_DisplayOff) refers to lcd.o(.bss) for .bss
    lcd.o(i.LCD_DisplayOn) refers to lcd.o(i.LCD_WriteReg) for LCD_WriteReg
    lcd.o(i.LCD_DisplayOn) refers to lcd.o(i.LCD_WR_REG) for LCD_WR_REG
    lcd.o(i.LCD_DisplayOn) refers to lcd.o(.bss) for .bss
    lcd.o(i.LCD_Display_Dir) refers to lcd.o(i.LCD_Scan_Dir) for LCD_Scan_Dir
    lcd.o(i.LCD_Display_Dir) refers to lcd.o(.bss) for .bss
    lcd.o(i.LCD_DrawLine) refers to lcd.o(i.LCD_DrawPoint) for LCD_DrawPoint
    lcd.o(i.LCD_DrawPoint) refers to lcd.o(i.LCD_SetCursor) for LCD_SetCursor
    lcd.o(i.LCD_DrawPoint) refers to lcd.o(i.LCD_WriteRAM_Prepare) for LCD_WriteRAM_Prepare
    lcd.o(i.LCD_DrawPoint) refers to lcd.o(.data) for .data
    lcd.o(i.LCD_DrawRectangle) refers to lcd.o(i.LCD_DrawLine) for LCD_DrawLine
    lcd.o(i.LCD_Draw_Circle) refers to lcd.o(i.LCD_DrawPoint) for LCD_DrawPoint
    lcd.o(i.LCD_Fast_DrawPoint) refers to lcd.o(i.LCD_WR_REG) for LCD_WR_REG
    lcd.o(i.LCD_Fast_DrawPoint) refers to lcd.o(i.LCD_WR_DATA) for LCD_WR_DATA
    lcd.o(i.LCD_Fast_DrawPoint) refers to lcd.o(i.LCD_WriteReg) for LCD_WriteReg
    lcd.o(i.LCD_Fast_DrawPoint) refers to lcd.o(.bss) for .bss
    lcd.o(i.LCD_Fill) refers to lcd.o(i.LCD_SetCursor) for LCD_SetCursor
    lcd.o(i.LCD_Fill) refers to lcd.o(i.LCD_WriteRAM_Prepare) for LCD_WriteRAM_Prepare
    lcd.o(i.LCD_Fill) refers to lcd.o(.bss) for .bss
    lcd.o(i.LCD_Init) refers to stm32f4xx_hal.o(i.HAL_Delay) for HAL_Delay
    lcd.o(i.LCD_Init) refers to lcd.o(i.LCD_WriteReg) for LCD_WriteReg
    lcd.o(i.LCD_Init) refers to lcd.o(i.LCD_ReadReg) for LCD_ReadReg
    lcd.o(i.LCD_Init) refers to lcd.o(i.LCD_WR_REG) for LCD_WR_REG
    lcd.o(i.LCD_Init) refers to lcd.o(i.LCD_RD_DATA) for LCD_RD_DATA
    lcd.o(i.LCD_Init) refers to printf5.o(i.__0printf$5) for __2printf
    lcd.o(i.LCD_Init) refers to lcd.o(i.LCD_WR_DATA) for LCD_WR_DATA
    lcd.o(i.LCD_Init) refers to lcd.o(.bss) for .bss
    lcd.o(i.LCD_Init) refers to lcd.o(i.LCD_SSD_BackLightSet) for LCD_SSD_BackLightSet
[...]
    ..\Drivers\STM32F4xx_HAL_Driver\Src\stm32f4xx_hal_tim_ex.c 0x00000000   Number         0  stm32f4xx_hal_tim_ex.o ABSOLUTE
    ..\Drivers\STM32F4xx_HAL_Driver\Src\stm32f4xx_hal_uart.c 0x00000000   Number         0  stm32f4xx_hal_uart.o ABSOLUTE
    ..\Drivers\STM32F4xx_HAL_Driver\Src\stm32f4xx_ll_fsmc.c 0x00000000   Number         0  stm32f4xx_ll_fsmc.o ABSOLUTE
    ..\Drivers\STM32F4xx_HAL_Driver\Src\stm32f4xx_ll_sdmmc.c 0x00000000   Number         0  stm32f4xx_ll_sdmmc.o ABSOLUTE
    ..\\Core\\HARDWARE\\SRAM\\sram.c         0x00000000   Number         0  sram.o ABSOLUTE
    ..\\Core\\HARDWARE\\TOUCH\\ctiic.c       0x00000000   Number         0  ctiic.o ABSOLUTE
    ..\\Core\\HARDWARE\\TOUCH\\touch.c       0x00000000   Number         0  touch.o ABSOLUTE
    ..\\Core\\HARDWARE\\mydelay\\mydelay.c   0x00000000   Number         0  mydelay.o ABSOLUTE
    ..\\Core\\HARDWARE\\mymalloc\\mymalloc.c 0x00000000   Number         0  mymalloc.o ABSOLUTE
    ..\\Core\\Src\\ctrl.c                    0x00000000   Number         0  ctrl.o ABSOLUTE
    ..\\Core\\Src\\key.c                     0x00000000   Number         0  key.o ABSOLUTE
    ..\\Core\\Src\\lcd.c                     0x00000000   Number         0  lcd.o ABSOLUTE
    ..\\Core\\Src\\os.c                      0x00000000   Number         0  os.o ABSOLUTE
    ..\\Core\\Src\\w25qxx.c                  0x00000000   Number         0  w25qxx.o ABSOLUTE
    cdrcmple.s                               0x00000000   Number         0  cdrcmple.o ABSOLUTE
    dc.s                                     0x00000000   Number         0  dc.o ABSOLUTE
    handlers.s                               0x00000000   Number         0  handlers.o ABSOLUTE
    init.s                                   0x00000000   Number         0  init.o ABSOLUTE
    startup_stm32f407xx.s                    0x00000000   Number         0  startup_stm32f407xx.o ABSOLUTE
    RESET                                    0x08000000   Section      392  startup_stm32f407xx.o(RESET)
    .ARM.Collect$$$$00000000                 0x08000188   Section        0  entry.o(.ARM.Collect$$$$00000000)
    .ARM.Collect$$$$00000001                 0x08000188   Section        4  entry2.o(.ARM.Collect$$$$00000001)
    .ARM.Collect$$$$00000004                 0x0800018c   Section        4  entry5.o(.ARM.Collect$$$$00000004)
    .ARM.Collect$$$$00000008                 0x08000190   Section        0  entry7b.o(.ARM.Collect$$$$00000008)
    .ARM.Collect$$$$0000000A                 0x08000190   Section        0  entry8b.o(.ARM.Collect$$$$0000000A)
    .ARM.Collect$$$$0000000B                 0x08000190   Section        8  entry9a.o(.ARM.Collect$$$$0000000B)
    .ARM.Collect$$$$0000000D                 0x08000198   Section        0  entry10a.o(.ARM.Collect$$$$0000000D)
    .ARM.Collect$$$$0000000F                 0x08000198   Section        0  entry11a.o(.ARM.Collect$$$$0000000F)
    .ARM.Collect$$$$00002712                 0x08000198   Section        4  entry2.o(.ARM.Collect$$$$00002712)
    __lit__00000000                          0x08000198   Data           4  entry2.o(.ARM.Collect$$$$00002712)
    .text                                    0x0800019c   Section       36  startup_stm32f407xx.o(.text)
    $v0                                      0x0800019c   Number         0  startup_stm32f407xx.o(.text)
    .text                                    0x080001c0   Section        0  uldiv.o(.text)
    .text                                    0x08000222   Section        0  memseta.o(.text)
    .text                                    0x08000246   Section        0  dmul.o(.text)
    .text                                    0x0800032a   Section        0  dfltui.o(.text)
    .text                                    0x08000344   Section        0  dfixui.o(.text)
    .text                                    0x08000376   Section        0  llshl.o(.text)
    .text                                    0x08000394   Section        0  llushr.o(.text)
    .text                                    0x080003b4   Section        0  iusefp.o(.text)
    .text                                    0x080003b4   Section        0  depilogue.o(.text)
    .text                                    0x08000470   Section       36  init.o(.text)
    i.BusFault_Handler                       0x08000494   Section        0  stm32f4xx_it.o(i.BusFault_Handler)
    i.DebugMon_Handler                       0x08000496   Section        0  stm32f4xx_it.o(i.DebugMon_Handler)
    i.Error_Handler                          0x08000498   Section        0  main.o(i.Error_Handler)
    i.FSMC_NORSRAM_Extended_Timing_Init      0x0800049c   Section        0  stm32f4xx_ll_fsmc.o(i.FSMC_NORSRAM_Extended_Timing_Init)
    i.FSMC_NORSRAM_Init                      0x080004dc   Section        0  stm32f4xx_ll_fsmc.o(i.FSMC_NORSRAM_Init)
    i.FSMC_NORSRAM_Timing_Init               0x08000530   Section        0  stm32f4xx_ll_fsmc.o(i.FSMC_NORSRAM_Timing_Init)
    i.HAL_Delay                              0x08000574   Section        0  stm32f4xx_hal.o(i.HAL_Delay)
    i.HAL_FSMC_MspInit                       0x08000598   Section        0  fsmc.o(i.HAL_FSMC_MspInit)
    HAL_FSMC_MspInit                         0x08000599   Thumb Code   142  fsmc.o(i.HAL_FSMC_MspInit)
    i.HAL_GPIO_Init                          0x08000640   Section        0  stm32f4xx_hal_gpio.o(i.HAL_GPIO_Init)
    i.HAL_GPIO_ReadPin                       0x080007f8   Section        0  stm32f4xx_hal_gpio.o(i.HAL_GPIO_ReadPin)
    i.HAL_GPIO_WritePin                      0x08000802   Section        0  stm32f4xx_hal_gpio.o(i.HAL_GPIO_WritePin)
    i.HAL_GetTick                            0x0800080c   Section        0  stm32f4xx_hal.o(i.HAL_GetTick)
    i.HAL_IncTick                            0x08000818   Section        0  stm32f4xx_hal.o(i.HAL_IncTick)
    i.HAL_Init                               0x08000828   Section        0  stm32f4xx_hal.o(i.HAL_Init)
    i.HAL_InitTick                           0x0800085c   Section        0  stm32f4xx_hal.o(i.HAL_InitTick)
    i.HAL_MspInit                            0x0800089c   Section        0  stm32f4xx_hal_msp.o(i.HAL_MspInit)
    i.HAL_NVIC_EnableIRQ                     0x080008cc   Section        0  stm32f4xx_hal_cortex.o(i.HAL_NVIC_EnableIRQ)
    i.HAL_NVIC_SetPriority                   0x080008e8   Section        0  stm32f4xx_hal_cortex.o(i.HAL_NVIC_SetPriority)
    i.HAL_NVIC_SetPriorityGrouping           0x08000928   Section        0  stm32f4xx_hal_cortex.o(i.HAL_NVIC_SetPriorityGrouping)
    i.HAL_RCC_ClockConfig                    0x0800094c   Section        0  stm32f4xx_hal_rcc.o(i.HAL_RCC_ClockConfig)
    i.HAL_RCC_GetPCLK1Freq                   0x08000a80   Section        0  stm32f4xx_hal_rcc.o(i.HAL_RCC_GetPCLK1Freq)
    i.HAL_RCC_GetPCLK2Freq                   0x08000aa0   Section        0  stm32f4xx_hal_rcc.o(i.HAL_RCC_GetPCLK2Freq)
    i.HAL_RCC_GetSysClockFreq                0x08000ac0   Section        0  stm32f4xx_hal_rcc.o(i.HAL_RCC_GetSysClockFreq)
    i.HAL_RCC_OscConfig                      0x08000b20   Section        0  stm32f4xx_hal_rcc.o(i.HAL_RCC_OscConfig)
    i.HAL_SD_ConfigWideBusOperation          0x08000e7c   Section        0  stm32f4xx_hal_sd.o(i.HAL_SD_ConfigWideBusOperation)
    i.HAL_SD_GetCardCSD                      0x08000f70   Section        0  stm32f4xx_hal_sd.o(i.HAL_SD_GetCardCSD)
    i.HAL_SD_Init                            0x08001108   Section        0  stm32f4xx_hal_sd.o(i.HAL_SD_Init)
    i.HAL_SD_InitCard                        0x08001140   Section        0  stm32f4xx_hal_sd.o(i.HAL_SD_InitCard)
    i.HAL_SD_MspInit                         0x08001194   Section        0  sdio.o(i.HAL_SD_MspInit)
    i.HAL_SPI_Init                           0x08001228   Section        0  stm32f4xx_hal_spi.o(i.HAL_SPI_Init)
    i.HAL_SPI_MspInit                        0x080012b4   Section        0  spi.o(i.HAL_SPI_MspInit)
    i.HAL_SRAM_Init                          0x0800131c   Section        0  stm32f4xx_hal_sram.o(i.HAL_SRAM_Init)
    i.HAL_SRAM_MspInit                       0x08001372   Section        0  fsmc.o(i.HAL_SRAM_MspInit)
    i.HAL_SYSTICK_Config                     0x08001376   Section        0  stm32f4xx_hal_cortex.o(i.HAL_SYSTICK_Config)
    i.HAL_TIMEx_BreakCallback                0x0800139e   Section        0  stm32f4xx_hal_tim_ex.o(i.HAL_TIMEx_BreakCallback)
    i.HAL_TIMEx_CommutCallback               0x080013a0   Section        0  stm32f4xx_hal_tim_ex.o(i.HAL_TIMEx_CommutCallback)
    i.HAL_TIMEx_MasterConfigSynchronization  0x080013a4   Section        0  stm32f4xx_hal_tim_ex.o(i.HAL_TIMEx_MasterConfigSynchronization)
    i.HAL_TIM_Base_Init                      0x08001434   Section        0  stm32f4xx_hal_tim.o(i.HAL_TIM_Base_Init)
    i.HAL_TIM_Base_MspInit                   0x0800146c   Section        0  tim.o(i.HAL_TIM_Base_MspInit)
    i.HAL_TIM_Base_Start_IT                  0x080014e4   Section        0  stm32f4xx_hal_tim.o(i.HAL_TIM_Base_Start_IT)
    i.HAL_TIM_ConfigClockSource              0x08001506   Section        0  stm32f4xx_hal_tim.o(i.HAL_TIM_ConfigClockSource)
    i.HAL_TIM_IC_CaptureCallback             0x080015dc   Section        0  stm32f4xx_hal_tim.o(i.HAL_TIM_IC_CaptureCallback)
    i.HAL_TIM_IRQHandler                     0x080015de   Section        0  stm32f4xx_hal_tim.o(i.HAL_TIM_IRQHandler)
    i.HAL_TIM_MspPostInit                    0x08001744   Section        0  tim.o(i.HAL_TIM_MspPostInit)
    i.HAL_TIM_OC_DelayElapsedCallback        0x08001798   Section        0  stm32f4xx_hal_tim.o(i.HAL_TIM_OC_DelayElapsedCallback)
    i.HAL_TIM_PWM_ConfigChannel              0x0800179a   Section        0  stm32f4xx_hal_tim.o(i.HAL_TIM_PWM_ConfigChannel)
    i.HAL_TIM_PWM_Init                       0x0800186a   Section        0  stm32f4xx_hal_tim.o(i.HAL_TIM_PWM_Init)
    i.HAL_TIM_PWM_MspInit                    0x080018a0   Section        0  stm32f4xx_hal_tim.o(i.HAL_TIM_PWM_MspInit)
    i.HAL_TIM_PWM_PulseFinishedCallback      0x080018a2   Section        0  stm32f4xx_hal_tim.o(i.HAL_TIM_PWM_PulseFinishedCallback)
    i.HAL_TIM_PWM_Start                      0x080018a4   Section        0  stm32f4xx_hal_tim.o(i.HAL_TIM_PWM_Start)
    i.HAL_TIM_PeriodElapsedCallback          0x080018e8   Section        0  tim.o(i.HAL_TIM_PeriodElapsedCallback)
    i.HAL_TIM_TriggerCallback                0x08001908   Section        0  stm32f4xx_hal_tim.o(i.HAL_TIM_TriggerCallback)
    i.HAL_UART_Init                          0x0800190a   Section        0  stm32f4xx_hal_uart.o(i.HAL_UART_Init)
    i.HAL_UART_MspInit                       0x0800196c   Section        0  usart.o(i.HAL_UART_MspInit)
    i.HAL_UART_Transmit                      0x080019d8   Section        0  stm32f4xx_hal_uart.o(i.HAL_UART_Transmit)
    i.HardFault_Handler                      0x08001a92   Section        0  stm32f4xx_it.o(i.HardFault_Handler)
    i.KeyContinued                           0x08001a94   Section        0  key.o(i.KeyContinued)
    KeyContinued                             0x08001a95   Thumb Code   112  key.o(i.KeyContinued)
    i.KeyMenu                                0x08001b08   Section        0  ctrl.o(i.KeyMenu)
    i.KeyScan                                0x08001c40   Section        0  key.o(i.KeyScan)
    i.LCD_Clear                              0x08001d40   Section        0  lcd.o(i.LCD_Clear)
    i.LCD_Display_Dir                        0x08001da8   Section        0  lcd.o(i.LCD_Display_Dir)
    i.LCD_Fast_DrawPoint                     0x08001edc   Section        0  lcd.o(i.LCD_Fast_DrawPoint)
    i.LCD_Fill                               0x08001ff8   Section        0  lcd.o(i.LCD_Fill)
    i.LCD_Init                               0x08002084   Section        0  lcd.o(i.LCD_Init)
    i.LCD_RD_DATA                            0x080055a4   Section        0  lcd.o(i.LCD_RD_DATA)
    i.LCD_ReadReg                            0x080055b8   Section        0  lcd.o(i.LCD_ReadReg)
    i.LCD_SSD_BackLightSet                   0x080055c8   Section        0  lcd.o(i.LCD_SSD_BackLightSet)
    i.LCD_Scan_Dir                           0x08005618   Section        0  lcd.o(i.LCD_Scan_Dir)
    i.LCD_SetCursor                          0x0800581c   Section        0  lcd.o(i.LCD_SetCursor)
    i.LCD_ShowChar                           0x08005978   Section        0  lcd.o(i.LCD_ShowChar)
    i.LCD_ShowString                         0x08005a4c   Section        0  lcd.o(i.LCD_ShowString)
    i.LCD_WR_DATA                            0x08005aa0   Section        0  lcd.o(i.LCD_WR_DATA)
    i.LCD_WR_REG                             0x08005ab8   Section        0  lcd.o(i.LCD_WR_REG)
    i.LCD_WriteRAM_Prepare                   0x08005ad0   Section        0  lcd.o(i.LCD_WriteRAM_Prepare)
    i.LCD_WriteReg                           0x08005ae4   Section        0  lcd.o(i.LCD_WriteReg)
    i.MX_FSMC_Init                           0x08005af0   Section        0  fsmc.o(i.MX_FSMC_Init)
    i.MX_GPIO_Init                           0x08005bcc   Section        0  gpio.o(i.MX_GPIO_Init)
    i.MX_SDIO_SD_Init                        0x08005d04   Section        0  sdio.o(i.MX_SDIO_SD_Init)
    i.MX_SPI1_Init                           0x08005d44   Section        0  spi.o(i.MX_SPI1_Init)
    i.MX_TIM14_Init                          0x08005d90   Section        0  tim.o(i.MX_TIM14_Init)
    i.MX_TIM2_Init                           0x08005df8   Section        0  tim.o(i.MX_TIM2_Init)
    i.MX_TIM3_Init                           0x08005e5c   Section        0  tim.o(i.MX_TIM3_Init)
    i.MX_USART1_UART_Init                    0x08005ec0   Section        0  usart.o(i.MX_USART1_UART_Init)
    i.MemManage_Handler                      0x08005ef8   Section        0  stm32f4xx_it.o(i.MemManage_Handler)
    i.NMI_Handler                            0x08005efa   Section        0  stm32f4xx_it.o(i.NMI_Handler)
    i.OSTaskInit                             0x08005efc   Section        0  os.o(i.OSTaskInit)
    i.OSTaskScan                             0x08005f2c   Section        0  os.o(i.OSTaskScan)
    i.OSTick                                 0x08005f5c   Section        0  os.o(i.OSTick)
    i.PendSV_Handler                         0x08005f7c   Section        0  stm32f4xx_it.o(i.PendSV_Handler)
    i.PwmLed                                 0x08005f80   Section        0  tim.o(i.PwmLed)
    i.SDIO_ConfigData                        0x08005fc0   Section        0  stm32f4xx_ll_sdmmc.o(i.SDIO_ConfigData)
    i.SDIO_GetPowerState                     0x08005fe4   Section        0  stm32f4xx_ll_sdmmc.o(i.SDIO_GetPowerState)
    i.SDIO_GetResponse                       0x08005fec   Section        0  stm32f4xx_ll_sdmmc.o(i.SDIO_GetResponse)
    i.SDIO_Init                              0x08005ff2   Section        0  stm32f4xx_ll_sdmmc.o(i.SDIO_Init)
    i.SDIO_PowerState_ON                     0x08006016   Section        0  stm32f4xx_ll_sdmmc.o(i.SDIO_PowerState_ON)
    i.SDIO_ReadFIFO                          0x08006026   Section        0  stm32f4xx_ll_sdmmc.o(i.SDIO_ReadFIFO)
    i.SDIO_SendCommand                       0x0800602c   Section        0  stm32f4xx_ll_sdmmc.o(i.SDIO_SendCommand)
    i.SDMMC_CmdAppCommand                    0x0800604c   Section        0  stm32f4xx_ll_sdmmc.o(i.SDMMC_CmdAppCommand)
    i.SDMMC_CmdAppOperCommand                0x08006080   Section        0  stm32f4xx_ll_sdmmc.o(i.SDMMC_CmdAppOperCommand)
    i.SDMMC_CmdBlockLength                   0x080060b4   Section        0  stm32f4xx_ll_sdmmc.o(i.SDMMC_CmdBlockLength)
    i.SDMMC_CmdBusWidth                      0x080060e6   Section        0  stm32f4xx_ll_sdmmc.o(i.SDMMC_CmdBusWidth)
    i.SDMMC_CmdGoIdleState                   0x08006118   Section        0  stm32f4xx_ll_sdmmc.o(i.SDMMC_CmdGoIdleState)
    i.SDMMC_CmdOperCond                      0x08006168   Section        0  stm32f4xx_ll_sdmmc.o(i.SDMMC_CmdOperCond)
    i.SDMMC_CmdSelDesel                      0x080061dc   Section        0  stm32f4xx_ll_sdmmc.o(i.SDMMC_CmdSelDesel)
    i.SDMMC_CmdSendCID                       0x0800620e   Section        0  stm32f4xx_ll_sdmmc.o(i.SDMMC_CmdSendCID)
    i.SDMMC_CmdSendCSD                       0x0800623a   Section        0  stm32f4xx_ll_sdmmc.o(i.SDMMC_CmdSendCSD)
    i.SDMMC_CmdSendSCR                       0x08006266   Section        0  stm32f4xx_ll_sdmmc.o(i.SDMMC_CmdSendSCR)
    i.SDMMC_CmdSetRelAdd                     0x08006296   Section        0  stm32f4xx_ll_sdmmc.o(i.SDMMC_CmdSetRelAdd)
    i.SDMMC_GetCmdResp1                      0x080062c8   Section        0  stm32f4xx_ll_sdmmc.o(i.SDMMC_GetCmdResp1)
    SDMMC_GetCmdResp1                        0x080062c9   Thumb Code   278  stm32f4xx_ll_sdmmc.o(i.SDMMC_GetCmdResp1)
    i.SDMMC_GetCmdResp2                      0x080063e8   Section        0  stm32f4xx_ll_sdmmc.o(i.SDMMC_GetCmdResp2)
    SDMMC_GetCmdResp2                        0x080063e9   Thumb Code    76  stm32f4xx_ll_sdmmc.o(i.SDMMC_GetCmdResp2)
    i.SDMMC_GetCmdResp3                      0x08006438   Section        0  stm32f4xx_ll_sdmmc.o(i.SDMMC_GetCmdResp3)
    SDMMC_GetCmdResp3                        0x08006439   Thumb Code    62  stm32f4xx_ll_sdmmc.o(i.SDMMC_GetCmdResp3)
    i.SDMMC_GetCmdResp6                      0x0800647c   Section        0  stm32f4xx_ll_sdmmc.o(i.SDMMC_GetCmdResp6)
    SDMMC_GetCmdResp6                        0x0800647d   Thumb Code   130  stm32f4xx_ll_sdmmc.o(i.SDMMC_GetCmdResp6)
    i.SD_FindSCR                             0x08006504   Section        0  stm32f4xx_hal_sd.o(i.SD_FindSCR)
    SD_FindSCR                               0x08006505   Thumb Code   212  stm32f4xx_hal_sd.o(i.SD_FindSCR)
    i.SD_InitCard                            0x080065d8   Section        0  stm32f4xx_hal_sd.o(i.SD_InitCard)
    SD_InitCard                              0x080065d9   Thumb Code   238  stm32f4xx_hal_sd.o(i.SD_InitCard)
    i.SD_PowerON                             0x080066c8   Section        0  stm32f4xx_hal_sd.o(i.SD_PowerON)
    SD_PowerON                               0x080066c9   Thumb Code   174  stm32f4xx_hal_sd.o(i.SD_PowerON)
    i.SPI1_ReadWriteByte                     0x0800677c   Section        0  spi.o(i.SPI1_ReadWriteByte)
    i.SPI1_SetSpeed                          0x080067a0   Section        0  spi.o(i.SPI1_SetSpeed)
    i.SVC_Handler                            0x080067c8   Section        0  stm32f4xx_it.o(i.SVC_Handler)
    i.SysTick_Handler                        0x080067ca   Section        0  stm32f4xx_it.o(i.SysTick_Handler)
    i.SystemClock_Config                     0x080067d0   Section        0  main.o(i.SystemClock_Config)
    i.SystemInit                             0x08006854   Section        0  system_stm32f4xx.o(i.SystemInit)
    i.TIM2_IRQHandler                        0x08006870   Section        0  stm32f4xx_it.o(i.TIM2_IRQHandler)
    i.TIM8_TRG_COM_TIM14_IRQHandler          0x0800687c   Section        0  stm32f4xx_it.o(i.TIM8_TRG_COM_TIM14_IRQHandler)
    i.TIM_Base_SetConfig                     0x08006888   Section        0  stm32f4xx_hal_tim.o(i.TIM_Base_SetConfig)
    i.TIM_CCxChannelCmd                      0x08006950   Section        0  stm32f4xx_hal_tim.o(i.TIM_CCxChannelCmd)
    i.TIM_ETR_SetConfig                      0x0800696a   Section        0  stm32f4xx_hal_tim.o(i.TIM_ETR_SetConfig)
    i.TIM_ITRx_SetConfig                     0x0800697e   Section        0  stm32f4xx_hal_tim.o(i.TIM_ITRx_SetConfig)
    TIM_ITRx_SetConfig                       0x0800697f   Thumb Code    16  stm32f4xx_hal_tim.o(i.TIM_ITRx_SetConfig)
    i.TIM_OC1_SetConfig                      0x08006990   Section        0  stm32f4xx_hal_tim.o(i.TIM_OC1_SetConfig)
    TIM_OC1_SetConfig                        0x08006991   Thumb Code    88  stm32f4xx_hal_tim.o(i.TIM_OC1_SetConfig)
    i.TIM_OC2_SetConfig                      0x080069f0   Section        0  stm32f4xx_hal_tim.o(i.TIM_OC2_SetConfig)
    i.TIM_OC3_SetConfig                      0x08006a5c   Section        0  stm32f4xx_hal_tim.o(i.TIM_OC3_SetConfig)
    TIM_OC3_SetConfig                        0x08006a5d   Thumb Code    96  stm32f4xx_hal_tim.o(i.TIM_OC3_SetConfig)
    i.TIM_OC4_SetConfig                      0x08006ac4   Section        0  stm32f4xx_hal_tim.o(i.TIM_OC4_SetConfig)
    TIM_OC4_SetConfig                        0x08006ac5   Thumb Code    70  stm32f4xx_hal_tim.o(i.TIM_OC4_SetConfig)
    i.TIM_TI1_ConfigInputStage               0x08006b14   Section        0  stm32f4xx_hal_tim.o(i.TIM_TI1_ConfigInputStage)
    TIM_TI1_ConfigInputStage                 0x08006b15   Thumb Code    34  stm32f4xx_hal_tim.o(i.TIM_TI1_ConfigInputStage)
    i.TIM_TI2_ConfigInputStage               0x08006b36   Section        0  stm32f4xx_hal_tim.o(i.TIM_TI2_ConfigInputStage)
    TIM_TI2_ConfigInputStage                 0x08006b37   Thumb Code    36  stm32f4xx_hal_tim.o(i.TIM_TI2_ConfigInputStage)
    i.Task0                                  0x08006b5a   Section        0  os.o(i.Task0)
    Task0                                    0x08006b5b   Thumb Code     2  os.o(i.Task0)
    i.Task1                                  0x08006b5c   Section        0  os.o(i.Task1)
    Task1                                    0x08006b5d   Thumb Code     2  os.o(i.Task1)
    i.Task2                                  0x08006b5e   Section        0  os.o(i.Task2)
    Task2                                    0x08006b5f   Thumb Code     2  os.o(i.Task2)
    i.Task3                                  0x08006b60   Section        0  os.o(i.Task3)
    Task3                                    0x08006b61   Thumb Code    14  os.o(i.Task3)
    i.UART_SetConfig                         0x08006b70   Section        0  stm32f4xx_hal_uart.o(i.UART_SetConfig)
    UART_SetConfig                           0x08006b71   Thumb Code   286  stm32f4xx_hal_uart.o(i.UART_SetConfig)
    i.UART_WaitOnFlagUntilTimeout            0x08006c98   Section        0  stm32f4xx_hal_uart.o(i.UART_WaitOnFlagUntilTimeout)
    UART_WaitOnFlagUntilTimeout              0x08006c99   Thumb Code   100  stm32f4xx_hal_uart.o(i.UART_WaitOnFlagUntilTimeout)
    i.UsageFault_Handler                     0x08006cfc   Section        0  stm32f4xx_it.o(i.UsageFault_Handler)
    i.W25QXX_Erase_Sector                    0x08006d00   Section        0  w25qxx.o(i.W25QXX_Erase_Sector)
    i.W25QXX_Init                            0x08006d58   Section        0  w25qxx.o(i.W25QXX_Init)
    i.W25QXX_Read                            0x08006d7c   Section        0  w25qxx.o(i.W25QXX_Read)
    i.W25QXX_ReadID                          0x08006dcc   Section        0  w25qxx.o(i.W25QXX_ReadID)
    i.W25QXX_ReadSR                          0x08006e10   Section        0  w25qxx.o(i.W25QXX_ReadSR)
    i.W25QXX_Wait_Busy                       0x08006e34   Section        0  w25qxx.o(i.W25QXX_Wait_Busy)
    i.W25QXX_Write                           0x08006e44   Section        0  w25qxx.o(i.W25QXX_Write)
    i.W25QXX_Write_Enable                    0x08006ee0   Section        0  w25qxx.o(i.W25QXX_Write_Enable)
    i.W25QXX_Write_NoCheck                   0x08006f00   Section        0  w25qxx.o(i.W25QXX_Write_NoCheck)
    i.W25QXX_Write_Page                      0x08006f40   Section        0  w25qxx.o(i.W25QXX_Write_Page)
    i.__0printf$5                            0x08006f98   Section        0  printf5.o(i.__0printf$5)
    i.__NVIC_SetPriority                     0x08006fb8   Section        0  stm32f4xx_hal_cortex.o(i.__NVIC_SetPriority)
    __NVIC_SetPriority                       0x08006fb9   Thumb Code    32  stm32f4xx_hal_cortex.o(i.__NVIC_SetPriority)
    i.__scatterload_copy                     0x08006fd8   Section       14  handlers.o(i.__scatterload_copy)
    i.__scatterload_null                     0x08006fe6   Section        2  handlers.o(i.__scatterload_null)
    i.__scatterload_zeroinit                 0x08006fe8   Section       14  handlers.o(i.__scatterload_zeroinit)
    i._printf_core                           0x08006ff8   Section        0  printf5.o(i._printf_core)
    _printf_core                             0x08006ff9   Thumb Code   658  printf5.o(i._printf_core)
    i.fputc                                  0x080072b8   Section        0  main.o(i.fputc)
    i.main                                   0x080072d0   Section        0  main.o(i.main)
    i.my_mem_init                            0x08007468   Section        0  mymalloc.o(i.my_mem_init)
    i.my_mem_perused                         0x080074a4   Section        0  mymalloc.o(i.my_mem_perused)
    i.mymemset                               0x080074dc   Section        0  mymalloc.o(i.mymemset)
    .constdata                               0x080074ea   Section     6080  lcd.o(.constdata)
    .constdata                               0x08008caa   Section       26  ctrl.o(.constdata)
    .constdata                               0x08008cc4   Section       16  system_stm32f4xx.o(.constdata)
    .constdata                               0x08008cd4   Section        8  system_stm32f4xx.o(.constdata)
    .constdata                               0x08008cdc   Section       36  mymalloc.o(.constdata)
    .ARM.__AT_0x10000000                     0x10000000   Section    61440  mymalloc.o(.ARM.__AT_0x10000000)
    .ARM.__AT_0x1000F000                     0x1000f000   Section     3840  mymalloc.o(.ARM.__AT_0x1000F000)
    .data                                    0x20000000   Section       16  os.o(.data)
    Task                                     0x20000000   Data          16  os.o(.data)
    .data                                    0x20000010   Section        4  lcd.o(.data)
    .data                                    0x20000014   Section        2  w25qxx.o(.data)
    .data                                    0x20000018   Section        8  fsmc.o(.data)
    FSMC_Initialized                         0x20000018   Data           4  fsmc.o(.data)
    FSMC_DeInitialized                       0x2000001c   Data           4  fsmc.o(.data)
    .data                                    0x20000020   Section        4  tim.o(.data)
    pwm_flag                                 0x20000020   Data           1  tim.o(.data)
    pwm_time                                 0x20000022   Data           2  tim.o(.data)
    .data                                    0x20000024   Section       12  stm32f4xx_hal.o(.data)
    .data                                    0x20000030   Section        4  system_stm32f4xx.o(.data)
    .data                                    0x20000034   Section       36  mymalloc.o(.data)
    .data                                    0x20000058   Section        4  stdout.o(.data)
    .bss                                     0x2000005c   Section       18  key.o(.bss)
    .bss                                     0x2000006e   Section       16  os.o(.bss)
    .bss                                     0x2000007e   Section       14  lcd.o(.bss)
    .bss                                     0x2000008c   Section     4096  w25qxx.o(.bss)
    .bss                                     0x2000108c   Section      160  fsmc.o(.bss)
    .bss                                     0x2000112c   Section      132  sdio.o(.bss)
    .bss                                     0x200011b0   Section       88  spi.o(.bss)
    .bss                                     0x20001208   Section      192  tim.o(.bss)
    .bss                                     0x200012c8   Section       64  usart.o(.bss)
    .bss                                     0x20001320   Section    102400  mymalloc.o(.bss)
    .bss                                     0x2001a320   Section     6400  mymalloc.o(.bss)
    STACK                                    0x2001bc20   Section     1024  startup_stm32f407xx.o(STACK)
    .ARM.__AT_0x68000000                     0x68000000   Section    983040  mymalloc.o(.ARM.__AT_0x68000000)
    .ARM.__AT_0x680F0000                     0x680f0000   Section    61440  mymalloc.o(.ARM.__AT_0x680F0000)

    Global Symbols

    Symbol Name                              Value     Ov Type        Size  Object(Section)

    BuildAttributes$$THM_ISAv4$E$P$D$K$B$S$7EM$VFPi3$EXTD16$VFPS$VFMA$PE$A:L22UL41UL21$X:L11$S22US41US21$IEEE1$IW$USESV6$~STKCKD$USESV7$~SHL$OSPACE$ROPI$EBA8$MICROLIB$REQ8$PRES8$EABIv2 0x00000000   Number         0  anon$$obj.o ABSOLUTE
    __ARM_use_no_argv                        0x00000000   Number         0  main.o ABSOLUTE
    _printf_a                                0x00000000   Number         0  stubs.o ABSOLUTE
    _printf_c                                0x00000000   Number         0  stubs.o ABSOLUTE
    _printf_charcount                        0x00000000   Number         0  stubs.o ABSOLUTE
    _printf_d                                0x00000000   Number         0  stubs.o ABSOLUTE
    _printf_e                                0x00000000   Number         0  stubs.o ABSOLUTE
    _printf_f                                0x00000000   Number         0  stubs.o ABSOLUTE
    _printf_flags                            0x00000000   Number         0  stubs.o ABSOLUTE
    _printf_fp_dec                           0x00000000   Number         0  stubs.o ABSOLUTE
    _printf_fp_hex                           0x00000000   Number         0  stubs.o ABSOLUTE
    _printf_g                                0x00000000   Number         0  stubs.o ABSOLUTE
    _printf_i                                0x00000000   Number         0  stubs.o ABSOLUTE
    _printf_int_dec                          0x00000000   Number         0  stubs.o ABSOLUTE
    _printf_l                                0x00000000   Number         0  stubs.o ABSOLUTE
    _printf_lc                               0x00000000   Number         0  stubs.o ABSOLUTE
    _printf_ll                               0x00000000   Number         0  stubs.o ABSOLUTE
    _printf_lld                              0x00000000   Number         0  stubs.o ABSOLUTE
    _printf_lli                              0x00000000   Number         0  stubs.o ABSOLUTE
    _printf_llo                              0x00000000   Number         0  stubs.o ABSOLUTE
    _printf_llu                              0x00000000   Number         0  stubs.o ABSOLUTE
    _printf_llx                              0x00000000   Number         0  stubs.o ABSOLUTE
    _printf_longlong_dec                     0x00000000   Number         0  stubs.o ABSOLUTE
    _printf_longlong_hex                     0x00000000   Number         0  stubs.o ABSOLUTE
    _printf_longlong_oct                     0x00000000   Number         0  stubs.o ABSOLUTE
    _printf_ls                               0x00000000   Number         0  stubs.o ABSOLUTE
    _printf_mbtowc                           0x00000000   Number         0  stubs.o ABSOLUTE
    _printf_n                                0x00000000   Number         0  stubs.o ABSOLUTE
    _printf_o                                0x00000000   Number         0  stubs.o ABSOLUTE
    _printf_p                                0x00000000   Number         0  stubs.o ABSOLUTE
    _printf_percent                          0x00000000   Number         0  stubs.o ABSOLUTE
    _printf_pre_padding                      0x00000000   Number         0  stubs.o ABSOLUTE
    _printf_return_value                     0x00000000   Number         0  stubs.o ABSOLUTE
    _printf_s                                0x00000000   Number         0  stubs.o ABSOLUTE
    _printf_sizespec                         0x00000000   Number         0  stubs.o ABSOLUTE
    _printf_str                              0x00000000   Number         0  stubs.o ABSOLUTE
    _printf_truncate_signed                  0x00000000   Number         0  stubs.o ABSOLUTE
    _printf_truncate_unsigned                0x00000000   Number         0  stubs.o ABSOLUTE
    _printf_u                                0x00000000   Number         0  stubs.o ABSOLUTE
    _printf_wc                               0x00000000   Number         0  stubs.o ABSOLUTE
    _printf_wctomb                           0x00000000   Number         0  stubs.o ABSOLUTE
    _printf_widthprec                        0x00000000   Number         0  stubs.o ABSOLUTE
    _printf_x                                0x00000000   Number         0  stubs.o ABSOLUTE
    __cpp_initialize__aeabi_                  - Undefined Weak Reference
    __cxa_finalize                            - Undefined Weak Reference
    __decompress                              - Undefined Weak Reference
    _clock_init                               - Undefined Weak Reference
    _microlib_exit                            - Undefined Weak Reference
    __Vectors_Size                           0x00000188   Number         0  startup_stm32f407xx.o ABSOLUTE
    __Vectors                                0x08000000   Data           4  startup_stm32f407xx.o(RESET)
    __Vectors_End                            0x08000188   Data           0  startup_stm32f407xx.o(RESET)
    __main                                   0x08000189   Thumb Code     0  entry.o(.ARM.Collect$$$$00000000)
    _main_stk                                0x08000189   Thumb Code     0  entry2.o(.ARM.Collect$$$$00000001)
    _main_scatterload                        0x0800018d   Thumb Code     0  entry5.o(.ARM.Collect$$$$00000004)
    __main_after_scatterload                 0x08000191   Thumb Code     0  entry5.o(.ARM.Collect$$$$00000004)
    _main_clock                              0x08000191   Thumb Code     0  entry7b.o(.ARM.Collect$$$$00000008)
    _main_cpp_init                           0x08000191   Thumb Code     0  entry8b.o(.ARM.Collect$$$$0000000A)
    _main_init                               0x08000191   Thumb Code     0  entry9a.o(.ARM.Collect$$$$0000000B)
    __rt_final_cpp                           0x08000199   Thumb Code     0  entry10a.o(.ARM.Collect$$$$0000000D)
    __rt_final_exit                          0x08000199   Thumb Code     0  entry11a.o(.ARM.Collect$$$$0000000F)
    Reset_Handler                            0x0800019d   Thumb Code     8  startup_stm32f407xx.o(.text)
    ADC_IRQHandler                           0x080001b7   Thumb Code     0  startup_stm32f407xx.o(.text)
    CAN1_RX0_IRQHandler                      0x080001b7   Thumb Code     0  startup_stm32f407xx.o(.text)
    CAN1_RX1_IRQHandler                      0x080001b7   Thumb Code     0  startup_stm32f407xx.o(.text)
    CAN1_SCE_IRQHandler                      0x080001b7   Thumb Code     0  startup_stm32f407xx.o(.text)
    CAN1_TX_IRQHandler                       0x080001b7   Thumb Code     0  startup_stm32f407xx.o(.text)
    CAN2_RX0_IRQHandler                      0x080001b7   Thumb Code     0  startup_stm32f407xx.o(.text)
    CAN2_RX1_IRQHandler                      0x080001b7   Thumb Code     0  startup_stm32f407xx.o(.text)
    CAN2_SCE_IRQHandler                      0x080001b7   Thumb Code     0  startup_stm32f407xx.o(.text)
    CAN2_TX_IRQHandler                       0x080001b7   Thumb Code     0  startup_stm32f407xx.o(.text)
    DCMI_IRQHandler                          0x080001b7   Thumb Code     0  startup_stm32f407xx.o(.text)
    DMA1_Stream0_IRQHandler                  0x080001b7   Thumb Code     0  startup_stm32f407xx.o(.text)
    DMA1_Stream1_IRQHandler                  0x080001b7   Thumb Code     0  startup_stm32f407xx.o(.text)
    DMA1_Stream2_IRQHandler                  0x080001b7   Thumb Code     0  startup_stm32f407xx.o(.text)
    DMA1_Stream3_IRQHandler                  0x080001b7   Thumb Code     0  startup_stm32f407xx.o(.text)
    DMA1_Stream4_IRQHandler                  0x080001b7   Thumb Code     0  startup_stm32f407xx.o(.text)
    DMA1_Stream5_IRQHandler                  0x080001b7   Thumb Code     0  startup_stm32f407xx.o(.text)
    DMA1_Stream6_IRQHandler                  0x080001b7   Thumb Code     0  startup_stm32f407xx.o(.text)
    DMA1_Stream7_IRQHandler                  0x080001b7   Thumb Code     0  startup_stm32f407xx.o(.text)
    DMA2_Stream0_IRQHandler                  0x080001b7   Thumb Code     0  startup_stm32f407xx.o(.text)
    DMA2_Stream1_IRQHandler                  0x080001b7   Thumb Code     0  startup_stm32f407xx.o(.text)
    DMA2_Stream2_IRQHandler                  0x080001b7   Thumb Code     0  startup_stm32f407xx.o(.text)
    DMA2_Stream3_IRQHandler                  0x080001b7   Thumb Code     0  startup_stm32f407xx.o(.text)
    DMA2_Stream4_IRQHandler                  0x080001b7   Thumb Code     0  startup_stm32f407xx.o(.text)
    DMA2_Stream5_IRQHandler                  0x080001b7   Thumb Code     0  startup_stm32f407xx.o(.text)
    DMA2_Stream6_IRQHandler                  0x080001b7   Thumb Code     0  startup_stm32f407xx.o(.text)
    DMA2_Stream7_IRQHandler                  0x080001b7   Thumb Code     0  startup_stm32f407xx.o(.text)
    ETH_IRQHandler                           0x080001b7   Thumb Code     0  startup_stm32f407xx.o(.text)
    ETH_WKUP_IRQHandler                      0x080001b7   Thumb Code     0  startup_stm32f407xx.o(.text)
    EXTI0_IRQHandler                         0x080001b7   Thumb Code     0  startup_stm32f407xx.o(.text)
    EXTI15_10_IRQHandler                     0x080001b7   Thumb Code     0  startup_stm32f407xx.o(.text)
    EXTI1_IRQHandler                         0x080001b7   Thumb Code     0  startup_stm32f407xx.o(.text)
    EXTI2_IRQHandler                         0x080001b7   Thumb Code     0  startup_stm32f407xx.o(.text)
    EXTI3_IRQHandler                         0x080001b7   Thumb Code     0  startup_stm32f407xx.o(.text)
    EXTI4_IRQHandler                         0x080001b7   Thumb Code     0  startup_stm32f407xx.o(.text)
    EXTI9_5_IRQHandler                       0x080001b7   Thumb Code     0  startup_stm32f407xx.o(.text)
    FLASH_IRQHandler                         0x080001b7   Thumb Code     0  startup_stm32f407xx.o(.text)
    FMC_IRQHandler                           0x080001b7   Thumb Code     0  startup_stm32f407xx.o(.text)
    FPU_IRQHandler                           0x080001b7   Thumb Code     0  startup_stm32f407xx.o(.text)
    HASH_RNG_IRQHandler                      0x080001b7   Thumb Code     0  startup_stm32f407xx.o(.text)
    I2C1_ER_IRQHandler                       0x080001b7   Thumb Code     0  startup_stm32f407xx.o(.text)
    I2C1_EV_IRQHandler                       0x080001b7   Thumb Code     0  startup_stm32f407xx.o(.text)
    I2C2_ER_IRQHandler                       0x080001b7   Thumb Code     0  startup_stm32f407xx.o(.text)
    I2C2_EV_IRQHandler                       0x080001b7   Thumb Code     0  startup_stm32f407xx.o(.text)
    I2C3_ER_IRQHandler                       0x080001b7   Thumb Code     0  startup_stm32f407xx.o(.text)
    I2C3_EV_IRQHandler                       0x080001b7   Thumb Code     0  startup_stm32f407xx.o(.text)
    OTG_FS_IRQHandler                        0x080001b7   Thumb Code     0  startup_stm32f407xx.o(.text)
    OTG_FS_WKUP_IRQHandler                   0x080001b7   Thumb Code     0  startup_stm32f407xx.o(.text)
    OTG_HS_EP1_IN_IRQHandler                 0x080001b7   Thumb Code     0  startup_stm32f407xx.o(.text)
    OTG_HS_EP1_OUT_IRQHandler                0x080001b7   Thumb Code     0  startup_stm32f407xx.o(.text)
    OTG_HS_IRQHandler                        0x080001b7   Thumb Code     0  startup_stm32f407xx.o(.text)
    OTG_HS_WKUP_IRQHandler                   0x080001b7   Thumb Code     0  startup_stm32f407xx.o(.text)
    PVD_IRQHandler                           0x080001b7   Thumb Code     0  startup_stm32f407xx.o(.text)
    RCC_IRQHandler                           0x080001b7   Thumb Code     0  startup_stm32f407xx.o(.text)
    RTC_Alarm_IRQHandler                     0x080001b7   Thumb Code     0  startup_stm32f407xx.o(.text)
    RTC_WKUP_IRQHandler                      0x080001b7   Thumb Code     0  startup_stm32f407xx.o(.text)
    SDIO_IRQHandler                          0x080001b7   Thumb Code     0  startup_stm32f407xx.o(.text)
    SPI1_IRQHandler                          0x080001b7   Thumb Code     0  startup_stm32f407xx.o(.text)
    SPI2_IRQHandler                          0x080001b7   Thumb Code     0  startup_stm32f407xx.o(.text)
    SPI3_IRQHandler                          0x080001b7   Thumb Code     0  startup_stm32f407xx.o(.text)
    TAMP_STAMP_IRQHandler                    0x080001b7   Thumb Code     0  startup_stm32f407xx.o(.text)
    TIM1_BRK_TIM9_IRQHandler                 0x080001b7   Thumb Code     0  startup_stm32f407xx.o(.text)
    TIM1_CC_IRQHandler                       0x080001b7   Thumb Code     0  startup_stm32f407xx.o(.text)
    TIM1_TRG_COM_TIM11_IRQHandler            0x080001b7   Thumb Code     0  startup_stm32f407xx.o(.text)
    TIM1_UP_TIM10_IRQHandler                 0x080001b7   Thumb Code     0  startup_stm32f407xx.o(.text)
    TIM3_IRQHandler                          0x080001b7   Thumb Code     0  startup_stm32f407xx.o(.text)
    TIM4_IRQHandler                          0x080001b7   Thumb Code     0  startup_stm32f407xx.o(.text)
    TIM5_IRQHandler                          0x080001b7   Thumb Code     0  startup_stm32f407xx.o(.text)
    TIM6_DAC_IRQHandler                      0x080001b7   Thumb Code     0  startup_stm32f407xx.o(.text)
    TIM7_IRQHandler                          0x080001b7   Thumb Code     0  startup_stm32f407xx.o(.text)
    TIM8_BRK_TIM12_IRQHandler                0x080001b7   Thumb Code     0  startup_stm32f407xx.o(.text)
    TIM8_CC_IRQHandler                       0x080001b7   Thumb Code     0  startup_stm32f407xx.o(.text)
    TIM8_UP_TIM13_IRQHandler                 0x080001b7   Thumb Code     0  startup_stm32f407xx.o(.text)
    UART4_IRQHandler                         0x080001b7   Thumb Code     0  startup_stm32f407xx.o(.text)
    UART5_IRQHandler                         0x080001b7   Thumb Code     0  startup_stm32f407xx.o(.text)
    USART1_IRQHandler                        0x080001b7   Thumb Code     0  startup_stm32f407xx.o(.text)
    USART2_IRQHandler                        0x080001b7   Thumb Code     0  startup_stm32f407xx.o(.text)
    USART3_IRQHandler                        0x080001b7   Thumb Code     0  startup_stm32f407xx.o(.text)
    USART6_IRQHandler                        0x080001b7   Thumb Code     0  startup_stm32f407xx.o(.text)
    WWDG_IRQHandler                          0x080001b7   Thumb Code     0  startup_stm32f407xx.o(.text)
    __aeabi_uldivmod                         0x080001c1   Thumb Code    98  uldiv.o(.text)
    __aeabi_memset                           0x08000223   Thumb Code    14  memseta.o(.text)
    __aeabi_memset4                          0x08000223   Thumb Code     0  memseta.o(.text)
    __aeabi_memset8                          0x08000223   Thumb Code     0  memseta.o(.text)
    __aeabi_memclr                           0x08000231   Thumb Code     4  memseta.o(.text)
    __aeabi_memclr4                          0x08000231   Thumb Code     0  memseta.o(.text)
    __aeabi_memclr8                          0x08000231   Thumb Code     0  memseta.o(.text)
    _memset$wrapper                          0x08000235   Thumb Code    18  memseta.o(.text)
    __aeabi_dmul                             0x08000247   Thumb Code   228  dmul.o(.text)
    __aeabi_ui2d                             0x0800032b   Thumb Code    26  dfltui.o(.text)
    __aeabi_d2uiz                            0x08000345   Thumb Code    50  dfixui.o(.text)
    __aeabi_llsl                             0x08000377   Thumb Code    30  llshl.o(.text)
    _ll_shift_l                              0x08000377   Thumb Code     0  llshl.o(.text)
    __aeabi_llsr                             0x08000395   Thumb Code    32  llushr.o(.text)
    _ll_ushift_r                             0x08000395   Thumb Code     0  llushr.o(.text)
    __I$use$fp                               0x080003b5   Thumb Code     0  iusefp.o(.text)
    _double_round                            0x080003b5   Thumb Code    30  depilogue.o(.text)
    _double_epilogue                         0x080003d3   Thumb Code   156  depilogue.o(.text)
    __scatterload                            0x08000471   Thumb Code    28  init.o(.text)
    __scatterload_rt2                        0x08000471   Thumb Code     0  init.o(.text)
    BusFault_Handler                         0x08000495   Thumb Code     2  stm32f4xx_it.o(i.BusFault_Handler)
    DebugMon_Handler                         0x08000497   Thumb Code     2  stm32f4xx_it.o(i.DebugMon_Handler)
    Error_Handler                            0x08000499   Thumb Code     2  main.o(i.Error_Handler)
    FSMC_NORSRAM_Extended_Timing_Init        0x0800049d   Thumb Code    60  stm32f4xx_ll_fsmc.o(i.FSMC_NORSRAM_Extended_Timing_Init)
    FSMC_NORSRAM_Init                        0x080004dd   Thumb Code    80  stm32f4xx_ll_fsmc.o(i.FSMC_NORSRAM_Init)
    FSMC_NORSRAM_Timing_Init                 0x08000531   Thumb Code    64  stm32f4xx_ll_fsmc.o(i.FSMC_NORSRAM_Timing_Init)
    HAL_Delay                                0x08000575   Thumb Code    32  stm32f4xx_hal.o(i.HAL_Delay)
    HAL_GPIO_Init                            0x08000641   Thumb Code   394  stm32f4xx_hal_gpio.o(i.HAL_GPIO_Init)
    HAL_GPIO_ReadPin                         0x080007f9   Thumb Code    10  stm32f4xx_hal_gpio.o(i.HAL_GPIO_ReadPin)
    HAL_GPIO_WritePin                        0x08000803   Thumb Code    10  stm32f4xx_hal_gpio.o(i.HAL_GPIO_WritePin)
    HAL_GetTick                              0x0800080d   Thumb Code     6  stm32f4xx_hal.o(i.HAL_GetTick)
    HAL_IncTick                              0x08000819   Thumb Code    12  stm32f4xx_hal.o(i.HAL_IncTick)
    HAL_Init                                 0x08000829   Thumb Code    48  stm32f4xx_hal.o(i.HAL_Init)
    HAL_InitTick                             0x0800085d   Thumb Code    54  stm32f4xx_hal.o(i.HAL_InitTick)
    HAL_MspInit                              0x0800089d   Thumb Code    42  stm32f4xx_hal_msp.o(i.HAL_MspInit)
    HAL_NVIC_EnableIRQ                       0x080008cd   Thumb Code    26  stm32f4xx_hal_cortex.o(i.HAL_NVIC_EnableIRQ)
    HAL_NVIC_SetPriority                     0x080008e9   Thumb Code    60  stm32f4xx_hal_cortex.o(i.HAL_NVIC_SetPriority)
    HAL_NVIC_SetPriorityGrouping             0x08000929   Thumb Code    26  stm32f4xx_hal_cortex.o(i.HAL_NVIC_SetPriorityGrouping)
    HAL_RCC_ClockConfig                      0x0800094d   Thumb Code   288  stm32f4xx_hal_rcc.o(i.HAL_RCC_ClockConfig)
    HAL_RCC_GetPCLK1Freq                     0x08000a81   Thumb Code    20  stm32f4xx_hal_rcc.o(i.HAL_RCC_GetPCLK1Freq)
    HAL_RCC_GetPCLK2Freq                     0x08000aa1   Thumb Code    20  stm32f4xx_hal_rcc.o(i.HAL_RCC_GetPCLK2Freq)
    HAL_RCC_GetSysClockFreq                  0x08000ac1   Thumb Code    88  stm32f4xx_hal_rcc.o(i.HAL_RCC_GetSysClockFreq)
    HAL_RCC_OscConfig                        0x08000b21   Thumb Code   840  stm32f4xx_hal_rcc.o(i.HAL_RCC_OscConfig)
    HAL_SD_ConfigWideBusOperation            0x08000e7d   Thumb Code   238  stm32f4xx_hal_sd.o(i.HAL_SD_ConfigWideBusOperation)
    HAL_SD_GetCardCSD                        0x08000f71   Thumb Code   402  stm32f4xx_hal_sd.o(i.HAL_SD_GetCardCSD)
    HAL_SD_Init                              0x08001109   Thumb Code    54  stm32f4xx_hal_sd.o(i.HAL_SD_Init)
    HAL_SD_InitCard                          0x08001141   Thumb Code    78  stm32f4xx_hal_sd.o(i.HAL_SD_InitCard)
    HAL_SD_MspInit                           0x08001195   Thumb Code   130  sdio.o(i.HAL_SD_MspInit)
    HAL_SPI_Init                             0x08001229   Thumb Code   140  stm32f4xx_hal_spi.o(i.HAL_SPI_Init)
    HAL_SPI_MspInit                          0x080012b5   Thumb Code    92  spi.o(i.HAL_SPI_MspInit)
    HAL_SRAM_Init                            0x0800131d   Thumb Code    86  stm32f4xx_hal_sram.o(i.HAL_SRAM_Init)
    HAL_SRAM_MspInit                         0x08001373   Thumb Code     4  fsmc.o(i.HAL_SRAM_MspInit)
    HAL_SYSTICK_Config                       0x08001377   Thumb Code    40  stm32f4xx_hal_cortex.o(i.HAL_SYSTICK_Config)
    HAL_TIMEx_BreakCallback                  0x0800139f   Thumb Code     2  stm32f4xx_hal_tim_ex.o(i.HAL_TIMEx_BreakCallback)
    HAL_TIMEx_CommutCallback                 0x080013a1   Thumb Code     2  stm32f4xx_hal_tim_ex.o(i.HAL_TIMEx_CommutCallback)
    HAL_TIMEx_MasterConfigSynchronization    0x080013a5   Thumb Code   116  stm32f4xx_hal_tim_ex.o(i.HAL_TIMEx_MasterConfigSynchronization)
    HAL_TIM_Base_Init                        0x08001435   Thumb Code    54  stm32f4xx_hal_tim.o(i.HAL_TIM_Base_Init)
    HAL_TIM_Base_MspInit                     0x0800146d   Thumb Code   108  tim.o(i.HAL_TIM_Base_MspInit)
    HAL_TIM_Base_Start_IT                    0x080014e5   Thumb Code    34  stm32f4xx_hal_tim.o(i.HAL_TIM_Base_Start_IT)
    HAL_TIM_ConfigClockSource                0x08001507   Thumb Code   214  stm32f4xx_hal_tim.o(i.HAL_TIM_ConfigClockSource)
    HAL_TIM_IC_CaptureCallback               0x080015dd   Thumb Code     2  stm32f4xx_hal_tim.o(i.HAL_TIM_IC_CaptureCallback)
    HAL_TIM_IRQHandler                       0x080015df   Thumb Code   358  stm32f4xx_hal_tim.o(i.HAL_TIM_IRQHandler)
    HAL_TIM_MspPostInit                      0x08001745   Thumb Code    72  tim.o(i.HAL_TIM_MspPostInit)
    HAL_TIM_OC_DelayElapsedCallback          0x08001799   Thumb Code     2  stm32f4xx_hal_tim.o(i.HAL_TIM_OC_DelayElapsedCallback)
    HAL_TIM_PWM_ConfigChannel                0x0800179b   Thumb Code   208  stm32f4xx_hal_tim.o(i.HAL_TIM_PWM_ConfigChannel)
    HAL_TIM_PWM_Init                         0x0800186b   Thumb Code    54  stm32f4xx_hal_tim.o(i.HAL_TIM_PWM_Init)
    HAL_TIM_PWM_MspInit                      0x080018a1   Thumb Code     2  stm32f4xx_hal_tim.o(i.HAL_TIM_PWM_MspInit)
    HAL_TIM_PWM_PulseFinishedCallback        0x080018a3   Thumb Code     2  stm32f4xx_hal_tim.o(i.HAL_TIM_PWM_PulseFinishedCallback)
    HAL_TIM_PWM_Start                        0x080018a5   Thumb Code    58  stm32f4xx_hal_tim.o(i.HAL_TIM_PWM_Start)
    HAL_TIM_PeriodElapsedCallback            0x080018e9   Thumb Code    26  tim.o(i.HAL_TIM_PeriodElapsedCallback)
    HAL_TIM_TriggerCallback                  0x08001909   Thumb Code     2  stm32f4xx_hal_tim.o(i.HAL_TIM_TriggerCallback)
    HAL_UART_Init                            0x0800190b   Thumb Code    98  stm32f4xx_hal_uart.o(i.HAL_UART_Init)
    HAL_UART_MspInit                         0x0800196d   Thumb Code    94  usart.o(i.HAL_UART_MspInit)
    HAL_UART_Transmit                        0x080019d9   Thumb Code   186  stm32f4xx_hal_uart.o(i.HAL_UART_Transmit)
    HardFault_Handler                        0x08001a93   Thumb Code     2  stm32f4xx_it.o(i.HardFault_Handler)
    KeyMenu                                  0x08001b09   Thumb Code   202  ctrl.o(i.KeyMenu)
    KeyScan                                  0x08001c41   Thumb Code   242  key.o(i.KeyScan)
    LCD_Clear                                0x08001d41   Thumb Code    98  lcd.o(i.LCD_Clear)
    LCD_Display_Dir                          0x08001da9   Thumb Code   304  lcd.o(i.LCD_Display_Dir)
    LCD_Fast_DrawPoint                       0x08001edd   Thumb Code   278  lcd.o(i.LCD_Fast_DrawPoint)
    LCD_Fill                                 0x08001ff9   Thumb Code   134  lcd.o(i.LCD_Fill)
    LCD_Init                                 0x08002085   Thumb Code 13600  lcd.o(i.LCD_Init)
    LCD_RD_DATA                              0x080055a5   Thumb Code    20  lcd.o(i.LCD_RD_DATA)
    LCD_ReadReg                              0x080055b9   Thumb Code    14  lcd.o(i.LCD_ReadReg)
    LCD_SSD_BackLightSet                     0x080055c9   Thumb Code    72  lcd.o(i.LCD_SSD_BackLightSet)
    LCD_Scan_Dir                             0x08005619   Thumb Code   510  lcd.o(i.LCD_Scan_Dir)
    LCD_SetCursor                            0x0800581d   Thumb Code   344  lcd.o(i.LCD_SetCursor)
    LCD_ShowChar                             0x08005979   Thumb Code   190  lcd.o(i.LCD_ShowChar)
    LCD_ShowString                           0x08005a4d   Thumb Code    84  lcd.o(i.LCD_ShowString)
    LCD_WR_DATA                              0x08005aa1   Thumb Code    24  lcd.o(i.LCD_WR_DATA)
    LCD_WR_REG                               0x08005ab9   Thumb Code    24  lcd.o(i.LCD_WR_REG)
    LCD_WriteRAM_Prepare                     0x08005ad1   Thumb Code    14  lcd.o(i.LCD_WriteRAM_Prepare)
    LCD_WriteReg                             0x08005ae5   Thumb Code    12  lcd.o(i.LCD_WriteReg)
    MX_FSMC_Init                             0x08005af1   Thumb Code   210  fsmc.o(i.MX_FSMC_Init)
    MX_GPIO_Init                             0x08005bcd   Thumb Code   288  gpio.o(i.MX_GPIO_Init)
    MX_SDIO_SD_Init                          0x08005d05   Thumb Code    56  sdio.o(i.MX_SDIO_SD_Init)
    MX_SPI1_Init                             0x08005d45   Thumb Code    68  spi.o(i.MX_SPI1_Init)
    MX_TIM14_Init                            0x08005d91   Thumb Code    94  tim.o(i.MX_TIM14_Init)
    MX_TIM2_Init                             0x08005df9   Thumb Code    96  tim.o(i.MX_TIM2_Init)
    MX_TIM3_Init                             0x08005e5d   Thumb Code    92  tim.o(i.MX_TIM3_Init)
    MX_USART1_UART_Init                      0x08005ec1   Thumb Code    48  usart.o(i.MX_USART1_UART_Init)
    MemManage_Handler                        0x08005ef9   Thumb Code     2  stm32f4xx_it.o(i.MemManage_Handler)
    NMI_Handler                              0x08005efb   Thumb Code     2  stm32f4xx_it.o(i.NMI_Handler)
    OSTaskInit                               0x08005efd   Thumb Code    44  os.o(i.OSTaskInit)
    OSTaskScan                               0x08005f2d   Thumb Code    40  os.o(i.OSTaskScan)
    OSTick                                   0x08005f5d   Thumb Code    26  os.o(i.OSTick)
    PendSV_Handler                           0x08005f7d   Thumb Code     2  stm32f4xx_it.o(i.PendSV_Handler)
    PwmLed                                   0x08005f81   Thumb Code    56  tim.o(i.PwmLed)
    SDIO_ConfigData                          0x08005fc1   Thumb Code    36  stm32f4xx_ll_sdmmc.o(i.SDIO_ConfigData)
    SDIO_GetPowerState                       0x08005fe5   Thumb Code     8  stm32f4xx_ll_sdmmc.o(i.SDIO_GetPowerState)
    SDIO_GetResponse                         0x08005fed   Thumb Code     6  stm32f4xx_ll_sdmmc.o(i.SDIO_GetResponse)
    SDIO_Init                                0x08005ff3   Thumb Code    36  stm32f4xx_ll_sdmmc.o(i.SDIO_Init)
    SDIO_PowerState_ON                       0x08006017   Thumb Code    16  stm32f4xx_ll_sdmmc.o(i.SDIO_PowerState_ON)
    SDIO_ReadFIFO                            0x08006027   Thumb Code     6  stm32f4xx_ll_sdmmc.o(i.SDIO_ReadFIFO)
    SDIO_SendCommand                         0x0800602d   Thumb Code    32  stm32f4xx_ll_sdmmc.o(i.SDIO_SendCommand)
    SDMMC_CmdAppCommand                      0x0800604d   Thumb Code    50  stm32f4xx_ll_sdmmc.o(i.SDMMC_CmdAppCommand)
    SDMMC_CmdAppOperCommand                  0x08006081   Thumb Code    48  stm32f4xx_ll_sdmmc.o(i.SDMMC_CmdAppOperCommand)
    SDMMC_CmdBlockLength                     0x080060b5   Thumb Code    50  stm32f4xx_ll_sdmmc.o(i.SDMMC_CmdBlockLength)
    SDMMC_CmdBusWidth                        0x080060e7   Thumb Code    50  stm32f4xx_ll_sdmmc.o(i.SDMMC_CmdBusWidth)
    SDMMC_CmdGoIdleState                     0x08006119   Thumb Code    74  stm32f4xx_ll_sdmmc.o(i.SDMMC_CmdGoIdleState)
    SDMMC_CmdOperCond                        0x08006169   Thumb Code   112  stm32f4xx_ll_sdmmc.o(i.SDMMC_CmdOperCond)
    SDMMC_CmdSelDesel                        0x080061dd   Thumb Code    50  stm32f4xx_ll_sdmmc.o(i.SDMMC_CmdSelDesel)
    SDMMC_CmdSendCID                         0x0800620f   Thumb Code    44  stm32f4xx_ll_sdmmc.o(i.SDMMC_CmdSendCID)
    SDMMC_CmdSendCSD                         0x0800623b   Thumb Code    44  stm32f4xx_ll_sdmmc.o(i.SDMMC_CmdSendCSD)
    SDMMC_CmdSendSCR                         0x08006267   Thumb Code    48  stm32f4xx_ll_sdmmc.o(i.SDMMC_CmdSendSCR)
    SDMMC_CmdSetRelAdd                       0x08006297   Thumb Code    48  stm32f4xx_ll_sdmmc.o(i.SDMMC_CmdSetRelAdd)
    SPI1_ReadWriteByte                       0x0800677d   Thumb Code    30  spi.o(i.SPI1_ReadWriteByte)
    SPI1_SetSpeed                            0x080067a1   Thumb Code    32  spi.o(i.SPI1_SetSpeed)
    SVC_Handler                              0x080067c9   Thumb Code     2  stm32f4xx_it.o(i.SVC_Handler)
    SysTick_Handler                          0x080067cb   Thumb Code     4  stm32f4xx_it.o(i.SysTick_Handler)
    SystemClock_Config                       0x080067d1   Thumb Code   124  main.o(i.SystemClock_Config)
    SystemInit                               0x08006855   Thumb Code    22  system_stm32f4xx.o(i.SystemInit)
    TIM2_IRQHandler                          0x08006871   Thumb Code     6  stm32f4xx_it.o(i.TIM2_IRQHandler)
    TIM8_TRG_COM_TIM14_IRQHandler            0x0800687d   Thumb Code     6  stm32f4xx_it.o(i.TIM8_TRG_COM_TIM14_IRQHandler)
    TIM_Base_SetConfig                       0x08006889   Thumb Code   156  stm32f4xx_hal_tim.o(i.TIM_Base_SetConfig)
    TIM_CCxChannelCmd                        0x08006951   Thumb Code    26  stm32f4xx_hal_tim.o(i.TIM_CCxChannelCmd)
    TIM_ETR_SetConfig                        0x0800696b   Thumb Code    20  stm32f4xx_hal_tim.o(i.TIM_ETR_SetConfig)
    TIM_OC2_SetConfig                        0x080069f1   Thumb Code    98  stm32f4xx_hal_tim.o(i.TIM_OC2_SetConfig)
    UsageFault_Handler                       0x08006cfd   Thumb Code     2  stm32f4xx_it.o(i.UsageFault_Handler)
    W25QXX_Erase_Sector                      0x08006d01   Thumb Code    74  w25qxx.o(i.W25QXX_Erase_Sector)
    W25QXX_Init                              0x08006d59   Thumb Code    26  w25qxx.o(i.W25QXX_Init)
    W25QXX_Read                              0x08006d7d   Thumb Code    76  w25qxx.o(i.W25QXX_Read)
    W25QXX_ReadID                            0x08006dcd   Thumb Code    62  w25qxx.o(i.W25QXX_ReadID)
    W25QXX_ReadSR                            0x08006e11   Thumb Code    32  w25qxx.o(i.W25QXX_ReadSR)
    W25QXX_Wait_Busy                         0x08006e35   Thumb Code    14  w25qxx.o(i.W25QXX_Wait_Busy)
    W25QXX_Write                             0x08006e45   Thumb Code   152  w25qxx.o(i.W25QXX_Write)
    W25QXX_Write_Enable                      0x08006ee1   Thumb Code    26  w25qxx.o(i.W25QXX_Write_Enable)
    W25QXX_Write_NoCheck                     0x08006f01   Thumb Code    62  w25qxx.o(i.W25QXX_Write_NoCheck)
    W25QXX_Write_Page                        0x08006f41   Thumb Code    82  w25qxx.o(i.W25QXX_Write_Page)
    __0printf$5                              0x08006f99   Thumb Code    22  printf5.o(i.__0printf$5)
    __1printf$5                              0x08006f99   Thumb Code     0  printf5.o(i.__0printf$5)
    __2printf                                0x08006f99   Thumb Code     0  printf5.o(i.__0printf$5)
    __scatterload_copy                       0x08006fd9   Thumb Code    14  handlers.o(i.__scatterload_copy)
    __scatterload_null                       0x08006fe7   Thumb Code     2  handlers.o(i.__scatterload_null)
    __scatterload_zeroinit                   0x08006fe9   Thumb Code    14  handlers.o(i.__scatterload_zeroinit)
    fputc                                    0x080072b9   Thumb Code    20  main.o(i.fputc)
    main                                     0x080072d1   Thumb Code   286  main.o(i.main)
    my_mem_init                              0x08007469   Thumb Code    52  mymalloc.o(i.my_mem_init)
    my_mem_perused                           0x080074a5   Thumb Code    48  mymalloc.o(i.my_mem_perused)
    mymemset                                 0x080074dd   Thumb Code    14  mymalloc.o(i.mymemset)
    asc2_1206                                0x080074ea   Data        1140  lcd.o(.constdata)
    asc2_1608                                0x0800795e   Data        1520  lcd.o(.constdata)
    asc2_2412                                0x08007f4e   Data        3420  lcd.o(.constdata)
    TEXT_Buffer                              0x08008caa   Data          26  ctrl.o(.constdata)
    AHBPrescTable                            0x08008cc4   Data          16  system_stm32f4xx.o(.constdata)
    APBPrescTable                            0x08008cd4   Data           8  system_stm32f4xx.o(.constdata)
    memtblsize                               0x08008cdc   Data          12  mymalloc.o(.constdata)
    memblksize                               0x08008ce8   Data          12  mymalloc.o(.constdata)
    memsize                                  0x08008cf4   Data          12  mymalloc.o(.constdata)
    Region$$Table$$Base                      0x08008d00   Number         0  anon$$obj.o(Region$$Table)
    Region$$Table$$Limit                     0x08008d20   Number         0  anon$$obj.o(Region$$Table)
    mem3base                                 0x10000000   Data       61440  mymalloc.o(.ARM.__AT_0x10000000)
    mem3mapbase                              0x1000f000   Data        3840  mymalloc.o(.ARM.__AT_0x1000F000)
    POINT_COLOR                              0x20000010   Data           2  lcd.o(.data)
    BACK_COLOR                               0x20000012   Data           2  lcd.o(.data)
    W25QXX_TYPE                              0x20000014   Data           2  w25qxx.o(.data)
    uwTickFreq                               0x20000024   Data           1  stm32f4xx_hal.o(.data)
    uwTickPrio                               0x20000028   Data           4  stm32f4xx_hal.o(.data)
    uwTick                                   0x2000002c   Data           4  stm32f4xx_hal.o(.data)
    SystemCoreClock                          0x20000030   Data           4  system_stm32f4xx.o(.data)
    mallco_dev                               0x20000034   Data          36  mymalloc.o(.data)
    __stdout                                 0x20000058   Data           4  stdout.o(.data)
    keys                                     0x2000005c   Data          18  key.o(.bss)
    taskDelay                                0x2000006e   Data          16  os.o(.bss)
    lcddev                                   0x2000007e   Data          14  lcd.o(.bss)
    W25QXX_BUFFER                            0x2000008c   Data        4096  w25qxx.o(.bss)
    hsram1                                   0x2000108c   Data          80  fsmc.o(.bss)
    hsram2                                   0x200010dc   Data          80  fsmc.o(.bss)
    hsd                                      0x2000112c   Data         132  sdio.o(.bss)
    hspi1                                    0x200011b0   Data          88  spi.o(.bss)
    htim2                                    0x20001208   Data          64  tim.o(.bss)
    htim3                                    0x20001248   Data          64  tim.o(.bss)
    htim14                                   0x20001288   Data          64  tim.o(.bss)
    huart1                                   0x200012c8   Data          64  usart.o(.bss)
    mem1base                                 0x20001320   Data       102400  mymalloc.o(.bss)
    mem1mapbase                              0x2001a320   Data        6400  mymalloc.o(.bss)
    __initial_sp                             0x2001c020   Data           0  startup_stm32f407xx.o(STACK)
    mem2base                                 0x68000000   Data       983040  mymalloc.o(.ARM.__AT_0x68000000)
    mem2mapbase                              0x680f0000   Data       61440  mymalloc.o(.ARM.__AT_0x680F0000)



==============================================================================

Memory Map of the image

  Image Entry point : 0x08000189

  Load Region LR_IROM1 (Base: 0x08000000, Size: 0x00008d7c, Max: 0x00100000, ABSOLUTE)

    Execution Region ER_IROM1 (Exec base: 0x08000000, Load base: 0x08000000, Size: 0x00008d20, Max: 0x00100000, ABSOLUTE)

    Exec Addr    Load Addr    Size         Type   Attr      Idx    E Section Name        Object

    0x08000000   0x08000000   0x00000188   Data   RO            3    RESET               startup_stm32f407xx.o
    0x08000188   0x08000188   0x00000000   Code   RO         4769  * .ARM.Collect$$$$00000000  mc_w.l(entry.o)
    0x08000188   0x08000188   0x00000004   Code   RO         5043    .ARM.Collect$$$$00000001  mc_w.l(entry2.o)
    0x0800018c   0x0800018c   0x00000004   Code   RO         5046    .ARM.Collect$$$$00000004  mc_w.l(entry5.o)
    0x08000190   0x08000190   0x00000000   Code   RO         5048    .ARM.Collect$$$$00000008  mc_w.l(entry7b.o)
    0x08000190   0x08000190   0x00000000   Code   RO         5050    .ARM.Collect$$$$0000000A  mc_w.l(entry8b.o)
    0x08000190   0x08000190   0x00000008   Code   RO         5051    .ARM.Collect$$$$0000000B  mc_w.l(entry9a.o)
    0x08000198   0x08000198   0x00000000   Code   RO         5053    .ARM.Collect$$$$0000000D  mc_w.l(entry10a.o)
    0x08000198   0x08000198   0x00000000   Code   RO         5055    .ARM.Collect$$$$0000000F  mc_w.l(entry11a.o)
    0x08000198   0x08000198   0x00000004   Code   RO         5044    .ARM.Collect$$$$00002712  mc_w.l(entry2.o)
    0x0800019c   0x0800019c   0x00000024   Code   RO            4    .text               startup_stm32f407xx.o
    0x080001c0   0x080001c0   0x00000062   Code   RO         4772    .text               mc_w.l(uldiv.o)
    0x08000222   0x08000222   0x00000024   Code   RO         4774    .text               mc_w.l(memseta.o)
    0x08000246   0x08000246   0x000000e4   Code   RO         5037    .text               mf_w.l(dmul.o)
    0x0800032a   0x0800032a   0x0000001a   Code   RO         5039    .text               mf_w.l(dfltui.o)
    0x08000344   0x08000344   0x00000032   Code   RO         5041    .text               mf_w.l(dfixui.o)
    0x08000376   0x08000376   0x0000001e   Code   RO         5060    .text               mc_w.l(llshl.o)
    0x08000394   0x08000394   0x00000020   Code   RO         5062    .text               mc_w.l(llushr.o)
    0x080003b4   0x080003b4   0x00000000   Code   RO         5064    .text               mc_w.l(iusefp.o)
    0x080003b4   0x080003b4   0x000000ba   Code   RO         5065    .text               mf_w.l(depilogue.o)
    0x0800046e   0x0800046e   0x00000002   PAD
    0x08000470   0x08000470   0x00000024   Code   RO         5075    .text               mc_w.l(init.o)
    0x08000494   0x08000494   0x00000002   Code   RO          977    i.BusFault_Handler  stm32f4xx_it.o
    0x08000496   0x08000496   0x00000002   Code   RO          978    i.DebugMon_Handler  stm32f4xx_it.o
    0x08000498   0x08000498   0x00000002   Code   RO          622    i.Error_Handler     main.o
    0x0800049a   0x0800049a   0x00000002   PAD
    0x0800049c   0x0800049c   0x00000040   Code   RO         1097    i.FSMC_NORSRAM_Extended_Timing_Init  stm32f4xx_ll_fsmc.o
    0x080004dc   0x080004dc   0x00000054   Code   RO         1098    i.FSMC_NORSRAM_Init  stm32f4xx_ll_fsmc.o
    0x08000530   0x08000530   0x00000044   Code   RO         1099    i.FSMC_NORSRAM_Timing_Init  stm32f4xx_ll_fsmc.o
    0x08000574   0x08000574   0x00000024   Code   RO         2096    i.HAL_Delay         stm32f4xx_hal.o
    0x08000598   0x08000598   0x000000a8   Code   RO          706    i.HAL_FSMC_MspInit  fsmc.o
    0x08000640   0x08000640   0x000001b8   Code   RO         1570    i.HAL_GPIO_Init     stm32f4xx_hal_gpio.o
    0x080007f8   0x080007f8   0x0000000a   Code   RO         1572    i.HAL_GPIO_ReadPin  stm32f4xx_hal_gpio.o
    0x08000802   0x08000802   0x0000000a   Code   RO         1574    i.HAL_GPIO_WritePin  stm32f4xx_hal_gpio.o
    0x0800080c   0x0800080c   0x0000000c   Code   RO         2102    i.HAL_GetTick       stm32f4xx_hal.o
    0x08000818   0x08000818   0x00000010   Code   RO         2108    i.HAL_IncTick       stm32f4xx_hal.o
    0x08000828   0x08000828   0x00000034   Code   RO         2109    i.HAL_Init          stm32f4xx_hal.o
    0x0800085c   0x0800085c   0x00000040   Code   RO         2110    i.HAL_InitTick      stm32f4xx_hal.o
    0x0800089c   0x0800089c   0x00000030   Code   RO         1065    i.HAL_MspInit       stm32f4xx_hal_msp.o
    0x080008cc   0x080008cc   0x0000001a   Code   RO         1959    i.HAL_NVIC_EnableIRQ  stm32f4xx_hal_cortex.o
    0x080008e6   0x080008e6   0x00000002   PAD
    0x080008e8   0x080008e8   0x00000040   Code   RO         1965    i.HAL_NVIC_SetPriority  stm32f4xx_hal_cortex.o
    0x08000928   0x08000928   0x00000024   Code   RO         1966    i.HAL_NVIC_SetPriorityGrouping  stm32f4xx_hal_cortex.o
    0x0800094c   0x0800094c   0x00000134   Code   RO         1216    i.HAL_RCC_ClockConfig  stm32f4xx_hal_rcc.o
    0x08000a80   0x08000a80   0x00000020   Code   RO         1223    i.HAL_RCC_GetPCLK1Freq  stm32f4xx_hal_rcc.o
    0x08000aa0   0x08000aa0   0x00000020   Code   RO         1224    i.HAL_RCC_GetPCLK2Freq  stm32f4xx_hal_rcc.o
    0x08000ac0   0x08000ac0   0x00000060   Code   RO         1225    i.HAL_RCC_GetSysClockFreq  stm32f4xx_hal_rcc.o
    0x08000b20   0x08000b20   0x0000035c   Code   RO         1228    i.HAL_RCC_OscConfig  stm32f4xx_hal_rcc.o
    0x08000e7c   0x08000e7c   0x000000f4   Code   RO         2734    i.HAL_SD_ConfigWideBusOperation  stm32f4xx_hal_sd.o
    0x08000f70   0x08000f70   0x00000198   Code   RO         2739    i.HAL_SD_GetCardCSD  stm32f4xx_hal_sd.o
    0x08001108   0x08001108   0x00000036   Code   RO         2746    i.HAL_SD_Init       stm32f4xx_hal_sd.o
    0x0800113e   0x0800113e   0x00000002   PAD
    0x08001140   0x08001140   0x00000054   Code   RO         2747    i.HAL_SD_InitCard   stm32f4xx_hal_sd.o
    0x08001194   0x08001194   0x00000094   Code   RO          755    i.HAL_SD_MspInit    sdio.o
    0x08001228   0x08001228   0x0000008c   Code   RO         2967    i.HAL_SPI_Init      stm32f4xx_hal_spi.o
    0x080012b4   0x080012b4   0x00000068   Code   RO          797    i.HAL_SPI_MspInit   spi.o
    0x0800131c   0x0800131c   0x00000056   Code   RO         2351    i.HAL_SRAM_Init     stm32f4xx_hal_sram.o
    0x08001372   0x08001372   0x00000004   Code   RO          708    i.HAL_SRAM_MspInit  fsmc.o
    0x08001376   0x08001376   0x00000028   Code   RO         1970    i.HAL_SYSTICK_Config  stm32f4xx_hal_cortex.o
    0x0800139e   0x0800139e   0x00000002   Code   RO         3975    i.HAL_TIMEx_BreakCallback  stm32f4xx_hal_tim_ex.o
    0x080013a0   0x080013a0   0x00000002   Code   RO         3976    i.HAL_TIMEx_CommutCallback  stm32f4xx_hal_tim_ex.o
    0x080013a2   0x080013a2   0x00000002   PAD
    0x080013a4   0x080013a4   0x00000090   Code   RO         3993    i.HAL_TIMEx_MasterConfigSynchronization  stm32f4xx_hal_tim_ex.o
    0x08001434   0x08001434   0x00000036   Code   RO         3300    i.HAL_TIM_Base_Init  stm32f4xx_hal_tim.o
    0x0800146a   0x0800146a   0x00000002   PAD
    0x0800146c   0x0800146c   0x00000078   Code   RO          863    i.HAL_TIM_Base_MspInit  tim.o
    0x080014e4   0x080014e4   0x00000022   Code   RO         3305    i.HAL_TIM_Base_Start_IT  stm32f4xx_hal_tim.o
    0x08001506   0x08001506   0x000000d6   Code   RO         3309    i.HAL_TIM_ConfigClockSource  stm32f4xx_hal_tim.o
    0x080015dc   0x080015dc   0x00000002   Code   RO         3329    i.HAL_TIM_IC_CaptureCallback  stm32f4xx_hal_tim.o
    0x080015de   0x080015de   0x00000166   Code   RO         3343    i.HAL_TIM_IRQHandler  stm32f4xx_hal_tim.o
    0x08001744   0x08001744   0x00000054   Code   RO          864    i.HAL_TIM_MspPostInit  tim.o
    0x08001798   0x08001798   0x00000002   Code   RO         3346    i.HAL_TIM_OC_DelayElapsedCallback  stm32f4xx_hal_tim.o
    0x0800179a   0x0800179a   0x000000d0   Code   RO         3367    i.HAL_TIM_PWM_ConfigChannel  stm32f4xx_hal_tim.o
    0x0800186a   0x0800186a   0x00000036   Code   RO         3370    i.HAL_TIM_PWM_Init  stm32f4xx_hal_tim.o
    0x080018a0   0x080018a0   0x00000002   Code   RO         3372    i.HAL_TIM_PWM_MspInit  stm32f4xx_hal_tim.o
    0x080018a2   0x080018a2   0x00000002   Code   RO         3373    i.HAL_TIM_PWM_PulseFinishedCallback  stm32f4xx_hal_tim.o
    0x080018a4   0x080018a4   0x00000044   Code   RO         3375    i.HAL_TIM_PWM_Start  stm32f4xx_hal_tim.o
    0x080018e8   0x080018e8   0x00000020   Code   RO          865    i.HAL_TIM_PeriodElapsedCallback  tim.o
    0x08001908   0x08001908   0x00000002   Code   RO         3386    i.HAL_TIM_TriggerCallback  stm32f4xx_hal_tim.o
    0x0800190a   0x0800190a   0x00000062   Code   RO         4251    i.HAL_UART_Init     stm32f4xx_hal_uart.o
    0x0800196c   0x0800196c   0x0000006c   Code   RO          936    i.HAL_UART_MspInit  usart.o
    0x080019d8   0x080019d8   0x000000ba   Code   RO         4259    i.HAL_UART_Transmit  stm32f4xx_hal_uart.o
    0x08001a92   0x08001a92   0x00000002   Code   RO          979    i.HardFault_Handler  stm32f4xx_it.o
    0x08001a94   0x08001a94   0x00000074   Code   RO           13    i.KeyContinued      key.o
    0x08001b08   0x08001b08   0x00000138   Code   RO          581    i.KeyMenu           ctrl.o
    0x08001c40   0x08001c40   0x00000100   Code   RO           14    i.KeyScan           key.o
    0x08001d40   0x08001d40   0x00000068   Code   RO          252    i.LCD_Clear         lcd.o
    0x08001da8   0x08001da8   0x00000134   Code   RO          256    i.LCD_Display_Dir   lcd.o
    0x08001edc   0x08001edc   0x0000011c   Code   RO          261    i.LCD_Fast_DrawPoint  lcd.o
    0x08001ff8   0x08001ff8   0x0000008c   Code   RO          262    i.LCD_Fill          lcd.o
    0x08002084   0x08002084   0x00003520   Code   RO          263    i.LCD_Init          lcd.o
    0x080055a4   0x080055a4   0x00000014   Code   RO          265    i.LCD_RD_DATA       lcd.o
    0x080055b8   0x080055b8   0x0000000e   Code   RO          267    i.LCD_ReadReg       lcd.o
    0x080055c6   0x080055c6   0x00000002   PAD
    0x080055c8   0x080055c8   0x00000050   Code   RO          268    i.LCD_SSD_BackLightSet  lcd.o
    0x08005618   0x08005618   0x00000204   Code   RO          269    i.LCD_Scan_Dir      lcd.o
    0x0800581c   0x0800581c   0x0000015c   Code   RO          270    i.LCD_SetCursor     lcd.o
    0x08005978   0x08005978   0x000000d4   Code   RO          272    i.LCD_ShowChar      lcd.o
    0x08005a4c   0x08005a4c   0x00000054   Code   RO          274    i.LCD_ShowString    lcd.o
    0x08005aa0   0x08005aa0   0x00000018   Code   RO          276    i.LCD_WR_DATA       lcd.o
    0x08005ab8   0x08005ab8   0x00000018   Code   RO          277    i.LCD_WR_REG        lcd.o
    0x08005ad0   0x08005ad0   0x00000014   Code   RO          279    i.LCD_WriteRAM_Prepare  lcd.o
    0x08005ae4   0x08005ae4   0x0000000c   Code   RO          280    i.LCD_WriteReg      lcd.o
    0x08005af0   0x08005af0   0x000000dc   Code   RO          709    i.MX_FSMC_Init      fsmc.o
    0x08005bcc   0x08005bcc   0x00000138   Code   RO          682    i.MX_GPIO_Init      gpio.o
    0x08005d04   0x08005d04   0x00000040   Code   RO          756    i.MX_SDIO_SD_Init   sdio.o
    0x08005d44   0x08005d44   0x0000004c   Code   RO          798    i.MX_SPI1_Init      spi.o
    0x08005d90   0x08005d90   0x00000068   Code   RO          866    i.MX_TIM14_Init     tim.o
    0x08005df8   0x08005df8   0x00000064   Code   RO          867    i.MX_TIM2_Init      tim.o
    0x08005e5c   0x08005e5c   0x00000064   Code   RO          868    i.MX_TIM3_Init      tim.o
    0x08005ec0   0x08005ec0   0x00000038   Code   RO          937    i.MX_USART1_UART_Init  usart.o
    0x08005ef8   0x08005ef8   0x00000002   Code   RO          980    i.MemManage_Handler  stm32f4xx_it.o
    0x08005efa   0x08005efa   0x00000002   Code   RO          981    i.NMI_Handler       stm32f4xx_it.o
    0x08005efc   0x08005efc   0x00000030   Code   RO          168    i.OSTaskInit        os.o
    0x08005f2c   0x08005f2c   0x00000030   Code   RO          169    i.OSTaskScan        os.o
    0x08005f5c   0x08005f5c   0x00000020   Code   RO          170    i.OSTick            os.o
    0x08005f7c   0x08005f7c   0x00000002   Code   RO          982    i.PendSV_Handler    stm32f4xx_it.o
    0x08005f7e   0x08005f7e   0x00000002   PAD
    0x08005f80   0x08005f80   0x00000040   Code   RO          869    i.PwmLed            tim.o
    0x08005fc0   0x08005fc0   0x00000024   Code   RO         2467    i.SDIO_ConfigData   stm32f4xx_ll_sdmmc.o
    0x08005fe4   0x08005fe4   0x00000008   Code   RO         2471    i.SDIO_GetPowerState  stm32f4xx_ll_sdmmc.o
    0x08005fec   0x08005fec   0x00000006   Code   RO         2472    i.SDIO_GetResponse  stm32f4xx_ll_sdmmc.o
    0x08005ff2   0x08005ff2   0x00000024   Code   RO         2473    i.SDIO_Init         stm32f4xx_ll_sdmmc.o
    0x08006016   0x08006016   0x00000010   Code   RO         2475    i.SDIO_PowerState_ON  stm32f4xx_ll_sdmmc.o
    0x08006026   0x08006026   0x00000006   Code   RO         2476    i.SDIO_ReadFIFO     stm32f4xx_ll_sdmmc.o
    0x0800602c   0x0800602c   0x00000020   Code   RO         2477    i.SDIO_SendCommand  stm32f4xx_ll_sdmmc.o
    0x0800604c   0x0800604c   0x00000032   Code   RO         2480    i.SDMMC_CmdAppCommand  stm32f4xx_ll_sdmmc.o
    0x0800607e   0x0800607e   0x00000002   PAD
    0x08006080   0x08006080   0x00000034   Code   RO         2481    i.SDMMC_CmdAppOperCommand  stm32f4xx_ll_sdmmc.o
    0x080060b4   0x080060b4   0x00000032   Code   RO         2482    i.SDMMC_CmdBlockLength  stm32f4xx_ll_sdmmc.o
    0x080060e6   0x080060e6   0x00000032   Code   RO         2483    i.SDMMC_CmdBusWidth  stm32f4xx_ll_sdmmc.o
    0x08006118   0x08006118   0x00000050   Code   RO         2487    i.SDMMC_CmdGoIdleState  stm32f4xx_ll_sdmmc.o
    0x08006168   0x08006168   0x00000074   Code   RO         2489    i.SDMMC_CmdOperCond  stm32f4xx_ll_sdmmc.o
    0x080061dc   0x080061dc   0x00000032   Code   RO         2494    i.SDMMC_CmdSelDesel  stm32f4xx_ll_sdmmc.o
    0x0800620e   0x0800620e   0x0000002c   Code   RO         2495    i.SDMMC_CmdSendCID  stm32f4xx_ll_sdmmc.o
    0x0800623a   0x0800623a   0x0000002c   Code   RO         2496    i.SDMMC_CmdSendCSD  stm32f4xx_ll_sdmmc.o
    0x08006266   0x08006266   0x00000030   Code   RO         2497    i.SDMMC_CmdSendSCR  stm32f4xx_ll_sdmmc.o
    0x08006296   0x08006296   0x00000030   Code   RO         2499    i.SDMMC_CmdSetRelAdd  stm32f4xx_ll_sdmmc.o
    0x080062c6   0x080062c6   0x00000002   PAD
    0x080062c8   0x080062c8   0x00000120   Code   RO         2505    i.SDMMC_GetCmdResp1  stm32f4xx_ll_sdmmc.o
    0x080063e8   0x080063e8   0x00000050   Code   RO         2506    i.SDMMC_GetCmdResp2  stm32f4xx_ll_sdmmc.o
    0x08006438   0x08006438   0x00000044   Code   RO         2507    i.SDMMC_GetCmdResp3  stm32f4xx_ll_sdmmc.o
    0x0800647c   0x0800647c   0x00000088   Code   RO         2508    i.SDMMC_GetCmdResp6  stm32f4xx_ll_sdmmc.o
    0x08006504   0x08006504   0x000000d4   Code   RO         2763    i.SD_FindSCR        stm32f4xx_hal_sd.o
    0x080065d8   0x080065d8   0x000000ee   Code   RO         2764    i.SD_InitCard       stm32f4xx_hal_sd.o
    0x080066c6   0x080066c6   0x00000002   PAD
    0x080066c8   0x080066c8   0x000000b4   Code   RO         2765    i.SD_PowerON        stm32f4xx_hal_sd.o
    0x0800677c   0x0800677c   0x00000024   Code   RO          799    i.SPI1_ReadWriteByte  spi.o
    0x080067a0   0x080067a0   0x00000028   Code   RO          800    i.SPI1_SetSpeed     spi.o
    0x080067c8   0x080067c8   0x00000002   Code   RO          983    i.SVC_Handler       stm32f4xx_it.o
    0x080067ca   0x080067ca   0x00000004   Code   RO          984    i.SysTick_Handler   stm32f4xx_it.o
    0x080067ce   0x080067ce   0x00000002   PAD
    0x080067d0   0x080067d0   0x00000084   Code   RO          623    i.SystemClock_Config  main.o
    0x08006854   0x08006854   0x0000001c   Code   RO         4553    i.SystemInit        system_stm32f4xx.o
    0x08006870   0x08006870   0x0000000c   Code   RO          985    i.TIM2_IRQHandler   stm32f4xx_it.o
    0x0800687c   0x0800687c   0x0000000c   Code   RO          986    i.TIM8_TRG_COM_TIM14_IRQHandler  stm32f4xx_it.o
    0x08006888   0x08006888   0x000000c8   Code   RO         3388    i.TIM_Base_SetConfig  stm32f4xx_hal_tim.o
    0x08006950   0x08006950   0x0000001a   Code   RO         3389    i.TIM_CCxChannelCmd  stm32f4xx_hal_tim.o
    0x0800696a   0x0800696a   0x00000014   Code   RO         3399    i.TIM_ETR_SetConfig  stm32f4xx_hal_tim.o
    0x0800697e   0x0800697e   0x00000010   Code   RO         3400    i.TIM_ITRx_SetConfig  stm32f4xx_hal_tim.o
    0x0800698e   0x0800698e   0x00000002   PAD
    0x08006990   0x08006990   0x00000060   Code   RO         3401    i.TIM_OC1_SetConfig  stm32f4xx_hal_tim.o
    0x080069f0   0x080069f0   0x0000006c   Code   RO         3402    i.TIM_OC2_SetConfig  stm32f4xx_hal_tim.o
    0x08006a5c   0x08006a5c   0x00000068   Code   RO         3403    i.TIM_OC3_SetConfig  stm32f4xx_hal_tim.o
    0x08006ac4   0x08006ac4   0x00000050   Code   RO         3404    i.TIM_OC4_SetConfig  stm32f4xx_hal_tim.o
    0x08006b14   0x08006b14   0x00000022   Code   RO         3406    i.TIM_TI1_ConfigInputStage  stm32f4xx_hal_tim.o
    0x08006b36   0x08006b36   0x00000024   Code   RO         3408    i.TIM_TI2_ConfigInputStage  stm32f4xx_hal_tim.o
    0x08006b5a   0x08006b5a   0x00000002   Code   RO          171    i.Task0             os.o
    0x08006b5c   0x08006b5c   0x00000002   Code   RO          172    i.Task1             os.o
    0x08006b5e   0x08006b5e   0x00000002   Code   RO          173    i.Task2             os.o
    0x08006b60   0x08006b60   0x0000000e   Code   RO          174    i.Task3             os.o
    0x08006b6e   0x08006b6e   0x00000002   PAD
    0x08006b70   0x08006b70   0x00000128   Code   RO         4277    i.UART_SetConfig    stm32f4xx_hal_uart.o
    0x08006c98   0x08006c98   0x00000064   Code   RO         4279    i.UART_WaitOnFlagUntilTimeout  stm32f4xx_hal_uart.o
    0x08006cfc   0x08006cfc   0x00000002   Code   RO          987    i.UsageFault_Handler  stm32f4xx_it.o
    0x08006cfe   0x08006cfe   0x00000002   PAD
    0x08006d00   0x08006d00   0x00000058   Code   RO          463    i.W25QXX_Erase_Sector  w25qxx.o
    0x08006d58   0x08006d58   0x00000024   Code   RO          464    i.W25QXX_Init       w25qxx.o
    0x08006d7c   0x08006d7c   0x00000050   Code   RO          466    i.W25QXX_Read       w25qxx.o
    0x08006dcc   0x08006dcc   0x00000044   Code   RO          467    i.W25QXX_ReadID     w25qxx.o
    0x08006e10   0x08006e10   0x00000024   Code   RO          468    i.W25QXX_ReadSR     w25qxx.o
    0x08006e34   0x08006e34   0x0000000e   Code   RO          470    i.W25QXX_Wait_Busy  w25qxx.o
    0x08006e42   0x08006e42   0x00000002   PAD
    0x08006e44   0x08006e44   0x0000009c   Code   RO          471    i.W25QXX_Write      w25qxx.o
    0x08006ee0   0x08006ee0   0x00000020   Code   RO          473    i.W25QXX_Write_Enable  w25qxx.o
    0x08006f00   0x08006f00   0x0000003e   Code   RO          474    i.W25QXX_Write_NoCheck  w25qxx.o
    0x08006f3e   0x08006f3e   0x00000002   PAD
    0x08006f40   0x08006f40   0x00000058   Code   RO          475    i.W25QXX_Write_Page  w25qxx.o
    0x08006f98   0x08006f98   0x00000020   Code   RO         4909    i.__0printf$5       mc_w.l(printf5.o)
    0x08006fb8   0x08006fb8   0x00000020   Code   RO         1972    i.__NVIC_SetPriority  stm32f4xx_hal_cortex.o
    0x08006fd8   0x08006fd8   0x0000000e   Code   RO         5081    i.__scatterload_copy  mc_w.l(handlers.o)
    0x08006fe6   0x08006fe6   0x00000002   Code   RO         5082    i.__scatterload_null  mc_w.l(handlers.o)
    0x08006fe8   0x08006fe8   0x0000000e   Code   RO         5083    i.__scatterload_zeroinit  mc_w.l(handlers.o)
    0x08006ff6   0x08006ff6   0x00000002   PAD
    0x08006ff8   0x08006ff8   0x000002c0   Code   RO         4916    i._printf_core      mc_w.l(printf5.o)
    0x080072b8   0x080072b8   0x00000018   Code   RO          624    i.fputc             main.o
    0x080072d0   0x080072d0   0x00000198   Code   RO          625    i.main              main.o
    0x08007468   0x08007468   0x0000003c   Code   RO         4690    i.my_mem_init       mymalloc.o
    0x080074a4   0x080074a4   0x00000038   Code   RO         4692    i.my_mem_perused    mymalloc.o
    0x080074dc   0x080074dc   0x0000000e   Code   RO         4696    i.mymemset          mymalloc.o
    0x080074ea   0x080074ea   0x000017c0   Data   RO          284    .constdata          lcd.o
    0x08008caa   0x08008caa   0x0000001a   Data   RO          583    .constdata          ctrl.o
    0x08008cc4   0x08008cc4   0x00000010   Data   RO         4554    .constdata          system_stm32f4xx.o
    0x08008cd4   0x08008cd4   0x00000008   Data   RO         4555    .constdata          system_stm32f4xx.o
    0x08008cdc   0x08008cdc   0x00000024   Data   RO         4704    .constdata          mymalloc.o
    0x08008d00   0x08008d00   0x00000020   Data   RO         5079    Region$$Table       anon$$obj.o


    Execution Region RW_IRAM1 (Exec base: 0x20000000, Load base: 0x08008d20, Size: 0x0001c020, Max: 0x00020000, ABSOLUTE)

    Exec Addr    Load Addr    Size         Type   Attr      Idx    E Section Name        Object

    0x20000000   0x08008d20   0x00000010   Data   RW          176    .data               os.o
    0x20000010   0x08008d30   0x00000004   Data   RW          285    .data               lcd.o
    0x20000014   0x08008d34   0x00000002   Data   RW          478    .data               w25qxx.o
    0x20000016   0x08008d36   0x00000002   PAD
    0x20000018   0x08008d38   0x00000008   Data   RW          711    .data               fsmc.o
    0x20000020   0x08008d40   0x00000004   Data   RW          871    .data               tim.o
    0x20000024   0x08008d44   0x0000000c   Data   RW         2116    .data               stm32f4xx_hal.o
    0x20000030   0x08008d50   0x00000004   Data   RW         4556    .data               system_stm32f4xx.o
    0x20000034   0x08008d54   0x00000024   Data   RW         4705    .data               mymalloc.o
    0x20000058   0x08008d78   0x00000004   Data   RW         5057    .data               mc_w.l(stdout.o)
    0x2000005c        -       0x00000012   Zero   RW           15    .bss                key.o
    0x2000006e        -       0x00000010   Zero   RW          175    .bss                os.o
    0x2000007e        -       0x0000000e   Zero   RW          283    .bss                lcd.o
    0x2000008c        -       0x00001000   Zero   RW          477    .bss                w25qxx.o
    0x2000108c        -       0x000000a0   Zero   RW          710    .bss                fsmc.o
    0x2000112c        -       0x00000084   Zero   RW          757    .bss                sdio.o
    0x200011b0        -       0x00000058   Zero   RW          803    .bss                spi.o
    0x20001208        -       0x000000c0   Zero   RW          870    .bss                tim.o
    0x200012c8        -       0x00000040   Zero   RW          938    .bss                usart.o
    0x20001308   0x08008d7c   0x00000018   PAD
    0x20001320        -       0x00019000   Zero   RW         4702    .bss                mymalloc.o
    0x2001a320        -       0x00001900   Zero   RW         4703    .bss                mymalloc.o
    0x2001bc20        -       0x00000400   Zero   RW            1    STACK               startup_stm32f407xx.o



  Load Region LR$$.ARM.__AT_0x10000000 (Base: 0x10000000, Size: 0x00000000, Max: 0x0000f000, ABSOLUTE)

    Execution Region ER$$.ARM.__AT_0x10000000 (Exec base: 0x10000000, Load base: 0x10000000, Size: 0x0000f000, Max: 0x0000f000, ABSOLUTE, UNINIT)

    Exec Addr    Load Addr    Size         Type   Attr      Idx    E Section Name        Object

    0x10000000        -       0x0000f000   Zero   RW         4698    .ARM.__AT_0x10000000  mymalloc.o



  Load Region LR$$.ARM.__AT_0x1000F000 (Base: 0x1000f000, Size: 0x00000000, Max: 0x00000f00, ABSOLUTE)

    Execution Region ER$$.ARM.__AT_0x1000F000 (Exec base: 0x1000f000, Load base: 0x1000f000, Size: 0x00000f00, Max: 0x00000f00, ABSOLUTE, UNINIT)

    Exec Addr    Load Addr    Size         Type   Attr      Idx    E Section Name        Object

    0x1000f000        -       0x00000f00   Zero   RW         4699    .ARM.__AT_0x1000F000  mymalloc.o



  Load Region LR$$.ARM.__AT_0x68000000 (Base: 0x68000000, Size: 0x00000000, Max: 0x000f0000, ABSOLUTE)

    Execution Region ER$$.ARM.__AT_0x68000000 (Exec base: 0x68000000, Load base: 0x68000000, Size: 0x000f0000, Max: 0x000f0000, ABSOLUTE, UNINIT)

    Exec Addr    Load Addr    Size         Type   Attr      Idx    E Section Name        Object

    0x68000000        -       0x000f0000   Zero   RW         4700    .ARM.__AT_0x68000000  mymalloc.o



  Load Region LR$$.ARM.__AT_0x680F0000 (Base: 0x680f0000, Size: 0x00000000, Max: 0x0000f000, ABSOLUTE)

    Execution Region ER$$.ARM.__AT_0x680F0000 (Exec base: 0x680f0000, Load base: 0x680f0000, Size: 0x0000f000, Max: 0x0000f000, ABSOLUTE, UNINIT)

    Exec Addr    Load Addr    Size         Type   Attr      Idx    E Section Name        Object

    0x680f0000        -       0x0000f000   Zero   RW         4701    .ARM.__AT_0x680F0000  mymalloc.o


==============================================================================

Image component sizes


      Code (inc. data)   RO Data    RW Data    ZI Data      Debug   Object Name

       312        124         26          0          0       1292   ctrl.o
       392         36          0          8        160       2342   fsmc.o
       312         24          0          0          0       1139   gpio.o
       372         18          0          0         18     734529   key.o
     15790        118       6080          4         14      22221   lcd.o
       566        134          0          0          0       2944   main.o
       130         16         36         36    1218560       3768   mymalloc.o
       148         18          0         16         16       4028   os.o
       212         26          0          0        132       1713   sdio.o
       256         34          0          0         88       2813   spi.o
        36          8        392          0       1024        828   startup_stm32f407xx.o
       180         28          0         12          0       9357   stm32f4xx_hal.o
       198         14          0          0          0      33903   stm32f4xx_hal_cortex.o
       460         46          0          0          0       3023   stm32f4xx_hal_gpio.o
        48          6          0          0          0        842   stm32f4xx_hal_msp.o
      1328         72          0          0          0       5180   stm32f4xx_hal_rcc.o
      1420         24          0          0          0       7344   stm32f4xx_hal_sd.o
       140          0          0          0          0       1175   stm32f4xx_hal_spi.o
        86          0          0          0          0       1200   stm32f4xx_hal_sram.o
      1720         90          0          0          0      16354   stm32f4xx_hal_tim.o
       148         28          0          0          0       2425   stm32f4xx_hal_tim_ex.o
       680         10          0          0          0       4084   stm32f4xx_hal_uart.o
        44         12          0          0          0       5048   stm32f4xx_it.o
       216         12          0          0          0       2675   stm32f4xx_ll_fsmc.o
      1344         40          0          0          0      17688   stm32f4xx_ll_sdmmc.o
        28          6         24          4          0       1131   system_stm32f4xx.o
       604         60          0          4        192       4801   tim.o
       164         22          0          0         64       1686   usart.o
       660         54          0          2       4096       6819   w25qxx.o

    ----------------------------------------------------------------------
     28026       1080       6590         88    1224388     902352   Object Totals
         0          0         32          0          0          0   (incl. Generated)
        32          0          0          2         24          0   (incl. Padding)

    ----------------------------------------------------------------------

      Code (inc. data)   RO Data    RW Data    ZI Data      Debug   Library Member Name

         0          0          0          0          0          0   entry.o
         0          0          0          0          0          0   entry10a.o
         0          0          0          0          0          0   entry11a.o
         8          4          0          0          0          0   entry2.o
         4          0          0          0          0          0   entry5.o
         0          0          0          0          0          0   entry7b.o
         0          0          0          0          0          0   entry8b.o
         8          4          0          0          0          0   entry9a.o
        30          0          0          0          0          0   handlers.o
        36          8          0          0          0         68   init.o
         0          0          0          0          0          0   iusefp.o
        30          0          0          0          0         68   llshl.o
        32          0          0          0          0         68   llushr.o
        36          0          0          0          0        108   memseta.o
       736         56          0          0          0        184   printf5.o
         0          0          0          4          0          0   stdout.o
        98          0          0          0          0         92   uldiv.o
       186          0          0          0          0        176   depilogue.o
        50          0          0          0          0         76   dfixui.o
        26          0          0          0          0         76   dfltui.o
       228          0          0          0          0         96   dmul.o

    ----------------------------------------------------------------------
      1512         72          0          4          0       1012   Library Totals
         4          0          0          0          0          0   (incl. Padding)

    ----------------------------------------------------------------------

      Code (inc. data)   RO Data    RW Data    ZI Data      Debug   Library Name

      1018         72          0          4          0        588   mc_w.l
       490          0          0          0          0        424   mf_w.l

    ----------------------------------------------------------------------
      1512         72          0          4          0       1012   Library Totals

    ----------------------------------------------------------------------

==============================================================================


      Code (inc. data)   RO Data    RW Data    ZI Data      Debug   

     29538       1152       6590         92    1224388     888500   Grand Totals
     29538       1152       6590         92    1224388     888500   ELF Image Totals
     29538       1152       6590         92          0          0   ROM Totals

==============================================================================

    Total RO  Size (Code + RO Data)                36128 (  35.28kB)
    Total RW  Size (RW Data + ZI Data)           1224480 (1195.78kB)
    Total ROM Size (Code + RO Data + RW Data)      36220 (  35.37kB)

==============================================================================

